 mp

 Timestamp is 506befc9 (Wed Oct 03 00:56:57 2012)

 Preferred load address is 10000000

 Start         Length     Name                   Class
 0001:00000000 00067926H .text                   CODE
 0001:00067930 00000132H .text$x                 CODE
 0002:00000000 0000b968H .rdata                  DATA
 0002:0000b968 00000188H .xdata$x                DATA
 0002:0000baf0 00002d64H .edata                  DATA
 0003:00000000 00000004H .CRT$XCA                DATA
 0003:00000004 00000030H .CRT$XCU                DATA
 0003:00000034 00000004H .CRT$XCZ                DATA
 0003:00000038 00000004H .CRT$XIA                DATA
 0003:0000003c 0000000cH .CRT$XIC                DATA
 0003:00000048 00000004H .CRT$XIY                DATA
 0003:0000004c 00000004H .CRT$XIZ                DATA
 0003:00000050 00000004H .CRT$XPA                DATA
 0003:00000054 00000004H .CRT$XPX                DATA
 0003:00000058 00000004H .CRT$XPZ                DATA
 0003:0000005c 00000004H .CRT$XTA                DATA
 0003:00000060 00000004H .CRT$XTB                DATA
 0003:00000064 00000004H .CRT$XTZ                DATA
 0003:00000070 0000f264H .data                   DATA
 0003:0000f2d8 0000fc48H .bss                    DATA
 0004:00000000 00000014H .idata$2                DATA
 0004:00000014 00000014H .idata$3                DATA
 0004:00000028 00000134H .idata$4                DATA
 0004:0000015c 00000134H .idata$5                DATA
 0004:00000290 00000562H .idata$6                DATA

  Address         Publics by Value              Rva+Base     Lib:Object

 0001:00000000       _item_airtank              10001000 f   airtank.obj
 0001:00000010       ?Save@CAirtank@@EAEHAAVCSave@@@Z 10001010 f   airtank.obj
 0001:00000040       ?Restore@CAirtank@@EAEHAAVCRestore@@@Z 10001040 f   airtank.obj
 0001:00000070       ?Spawn@CAirtank@@EAEXXZ    10001070 f   airtank.obj
 0001:00000160       ?Precache@CAirtank@@EAEXXZ 10001160 f   airtank.obj
 0001:00000180       ?Killed@CAirtank@@EAEXPAUentvars_s@@H@Z 10001180 f   airtank.obj
 0001:000001e0       ?TankThink@CAirtank@@AAEXXZ 100011e0 f   airtank.obj
 0001:00000200       ?TankTouch@CAirtank@@AAEXPAVCBaseEntity@@@Z 10001200 f   airtank.obj
 0001:000002d0       ?GetClassPtr@@YAPAVCAirtank@@PAV1@@Z 100012d0 f i airtank.obj
 0001:00000320       ?BloodColor@CAirtank@@EAEHXZ 10001320 f i airtank.obj
 0001:00000330       ??0Vector@@QAE@MMM@Z       10001330 f i airtank.obj
 0001:00000350       ??0Vector@@QAE@ABV0@@Z     10001350 f i airtank.obj
 0001:00000370       ?ObjectCaps@CBaseEntity@@UAEHXZ 10001370 f i airtank.obj
 0001:00000380       ?Activate@CBaseEntity@@UAEXXZ 10001380 f i airtank.obj
 0001:00000390       ?Classify@CBaseEntity@@UAEHXZ 10001390 f i airtank.obj
 0001:000003a0       ?DeathNotice@CBaseEntity@@UAEXPAUentvars_s@@@Z 100013a0 f i airtank.obj
 0001:000003b0       ?IsTriggered@CBaseEntity@@UAEHPAV1@@Z 100013b0 f i airtank.obj
 0001:000003c0       ?MyMonsterPointer@CBaseEntity@@UAEPAVCBaseMonster@@XZ 100013c0 f i airtank.obj
 0001:000003d0       ?MySquadMonsterPointer@CBaseEntity@@UAEPAVCSquadMonster@@XZ 100013d0 f i airtank.obj
 0001:000003e0       ?AddPoints@CBaseEntity@@UAEXHH@Z 100013e0 f i airtank.obj
 0001:000003f0       ?AddPointsToTeam@CBaseEntity@@UAEXHH@Z 100013f0 f i airtank.obj
 0001:00000400       ?AddPlayerItem@CBaseEntity@@UAEHPAVCBasePlayerItem@@@Z 10001400 f i airtank.obj
 0001:00000410       ?RemovePlayerItem@CBaseEntity@@UAEHPAVCBasePlayerItem@@@Z 10001410 f i airtank.obj
 0001:00000420       ?GiveAmmo@CBaseEntity@@UAEHHPADH@Z 10001420 f i airtank.obj
 0001:00000430       ?IsMoving@CBaseEntity@@UAEHXZ 10001430 f i airtank.obj
 0001:00000480       ?OverrideReset@CBaseEntity@@UAEXXZ 10001480 f i airtank.obj
 0001:00000490       ?SetToggleState@CBaseEntity@@UAEXH@Z 10001490 f i airtank.obj
 0001:000004a0       ?StartSneaking@CBaseEntity@@UAEXXZ 100014a0 f i airtank.obj
 0001:000004b0       ?StopSneaking@CBaseEntity@@UAEXXZ 100014b0 f i airtank.obj
 0001:000004c0       ?OnControls@CBaseEntity@@UAEHPAUentvars_s@@@Z 100014c0 f i airtank.obj
 0001:000004d0       ?IsSneaking@CBaseEntity@@UAEHXZ 100014d0 f i airtank.obj
 0001:000004e0       ?IsBSPModel@CBaseEntity@@UAEHXZ 100014e0 f i airtank.obj
 0001:00000500       ?ReflectGauss@CBaseEntity@@UAEHXZ 10001500 f i airtank.obj
 0001:00000530       ?HasTarget@CBaseEntity@@UAEHH@Z 10001530 f i airtank.obj
 0001:000005a0       ?IsPlayer@CBaseEntity@@UAEHXZ 100015a0 f i airtank.obj
 0001:000005b0       ?IsNetClient@CBaseEntity@@UAEHXZ 100015b0 f i airtank.obj
 0001:000005c0       ?TeamID@CBaseEntity@@UAEPBDXZ 100015c0 f i airtank.obj
 0001:000005d0       ?Think@CBaseEntity@@UAEXXZ 100015d0 f i airtank.obj
 0001:000005e0       ?Touch@CBaseEntity@@UAEXPAV1@@Z 100015e0 f i airtank.obj
 0001:00000600       ?Use@CBaseEntity@@UAEXPAV1@0W4USE_TYPE@@M@Z 10001600 f i airtank.obj
 0001:00000620       ?Blocked@CBaseEntity@@UAEXPAV1@@Z 10001620 f i airtank.obj
 0001:00000640       ?SUB_CallUseToggle@CBaseEntity@@QAEXXZ 10001640 f i airtank.obj
 0001:00000650       ?Respawn@CBaseEntity@@UAEPAV1@XZ 10001650 f i airtank.obj
 0001:00000660       ?UpdateOwner@CBaseEntity@@UAEXXZ 10001660 f i airtank.obj
 0001:00000670       ?FBecomeProne@CBaseEntity@@UAEHXZ 10001670 f i airtank.obj
 0001:00000680       ?Center@CBaseEntity@@UAE?AVVector@@XZ 10001680 f i airtank.obj
 0001:000006f0       ?EyePosition@CBaseEntity@@UAE?AVVector@@XZ 100016f0 f i airtank.obj
 0001:00000730       ?EarPosition@CBaseEntity@@UAE?AVVector@@XZ 10001730 f i airtank.obj
 0001:00000770       ?BodyTarget@CBaseEntity@@UAE?AVVector@@ABV2@@Z 10001770 f i airtank.obj
 0001:000007a0       ?Illumination@CBaseEntity@@UAEHXZ 100017a0 f i airtank.obj
 0001:000007c0       ?HandleAnimEvent@CBaseAnimating@@UAEXPAUMonsterEvent_t@@@Z 100017c0 f i airtank.obj
 0001:000007d0       ?GetToggleState@CBaseToggle@@UAEHXZ 100017d0 f i airtank.obj
 0001:000007e0       ?GetDelay@CBaseToggle@@UAEMXZ 100017e0 f i airtank.obj
 0001:000007f0       ?PainSound@CBaseMonster@@UAEXXZ 100017f0 f i airtank.obj
 0001:00000800       ?IsAlive@CBaseMonster@@UAEHXZ 10001800 f i airtank.obj
 0001:00000820       ?Save@CBaseAnimating@@UAEHAAVCSave@@@Z 10001820 f   animating.obj
 0001:00000850       ?Restore@CBaseAnimating@@UAEHAAVCRestore@@@Z 10001850 f   animating.obj
 0001:00000880       ?StudioFrameAdvance@CBaseAnimating@@QAEMM@Z 10001880 f   animating.obj
 0001:000009b0       ?LookupActivity@CBaseAnimating@@QAEHH@Z 100019b0 f   animating.obj
 0001:000009e0       ?LookupActivityHeaviest@CBaseAnimating@@QAEHH@Z 100019e0 f   animating.obj
 0001:00000a10       ?LookupSequence@CBaseAnimating@@QAEHPBD@Z 10001a10 f   animating.obj
 0001:00000a40       ?ResetSequenceInfo@CBaseAnimating@@QAEXXZ 10001a40 f   animating.obj
 0001:00000ab0       ?GetSequenceFlags@CBaseAnimating@@QAEHXZ 10001ab0 f   animating.obj
 0001:00000ae0       ?DispatchAnimEvents@CBaseAnimating@@QAEXM@Z 10001ae0 f   animating.obj
 0001:00000bf0       ?SetBoneController@CBaseAnimating@@QAEMHM@Z 10001bf0 f   animating.obj
 0001:00000c20       ?InitBoneControllers@CBaseAnimating@@QAEXXZ 10001c20 f   animating.obj
 0001:00000c80       ?SetBlending@CBaseAnimating@@QAEMHM@Z 10001c80 f   animating.obj
 0001:00000cb0       ?GetBonePosition@CBaseAnimating@@QAEXHAAVVector@@0@Z 10001cb0 f   animating.obj
 0001:00000ce0       ?GetAttachment@CBaseAnimating@@QAEXHAAVVector@@0@Z 10001ce0 f   animating.obj
 0001:00000d10       ?FindTransition@CBaseAnimating@@QAEHHHPAH@Z 10001d10 f   animating.obj
 0001:00000d70       ?GetAutomovement@CBaseAnimating@@QAEXAAVVector@@0M@Z 10001d70 f   animating.obj
 0001:00000d80       ?SetBodygroup@CBaseAnimating@@QAEXHH@Z 10001d80 f   animating.obj
 0001:00000db0       ?GetBodygroup@CBaseAnimating@@QAEHH@Z 10001db0 f   animating.obj
 0001:00000de0       ?ExtractBbox@CBaseAnimating@@QAEHHPAM0@Z 10001de0 f   animating.obj
 0001:00000e10       ?SetSequenceBox@CBaseAnimating@@QAEXXZ 10001e10 f   animating.obj
 0001:00000fd0       ??_H@YGXPAXIHP6EX0@Z@Z     10001fd0 f i animating.obj
 0001:00001000       ?ExtractBbox@@YAHPAXHPAM1@Z 10002000 f   animation.obj
 0001:00001060       ?LookupActivity@@YAHPAXPAUentvars_s@@H@Z 10002060 f   animation.obj
 0001:000010e0       ?LookupActivityHeaviest@@YAHPAXPAUentvars_s@@H@Z 100020e0 f   animation.obj
 0001:00001130       ?GetEyePosition@@YAXPAXPAM@Z 10002130 f   animation.obj
 0001:00001160       ?LookupSequence@@YAHPAXPBD@Z 10002160 f   animation.obj
 0001:000011c0       ?IsSoundEvent@@YAHH@Z      100021c0 f   animation.obj
 0001:000011e0       ?SequencePrecache@@YAXPAXPBD@Z 100021e0 f   animation.obj
 0001:000012c0       ?GetSequenceInfo@@YAXPAXPAUentvars_s@@PAM2@Z 100022c0 f   animation.obj
 0001:00001380       ?GetSequenceFlags@@YAHPAXPAUentvars_s@@@Z 10002380 f   animation.obj
 0001:000013c0       ?GetAnimationEvent@@YAHPAXPAUentvars_s@@PAUMonsterEvent_t@@MMH@Z 100023c0 f   animation.obj
 0001:00001510       ?SetController@@YAMPAXPAUentvars_s@@HM@Z 10002510 f   animation.obj
 0001:00001680       ?SetBlending@@YAMPAXPAUentvars_s@@HM@Z 10002680 f   animation.obj
 0001:000017c0       ?FindTransition@@YAHPAXHHPAH@Z 100027c0 f   animation.obj
 0001:000018d0       ?SetBodygroup@@YAXPAXPAUentvars_s@@HH@Z 100028d0 f   animation.obj
 0001:00001930       ?GetBodygroup@@YAHPAXPAUentvars_s@@H@Z 10002930 f   animation.obj
 0001:00001990       ?VecBModelOrigin@@YA?AVVector@@PAUentvars_s@@@Z 10002990 f   bmodels.obj
 0001:00001a00       _func_wall                 10002a00 f   bmodels.obj
 0001:00001a10       ?Spawn@CFuncWall@@UAEXXZ   10002a10 f   bmodels.obj
 0001:00001a90       ?Use@CFuncWall@@UAEXPAVCBaseEntity@@0W4USE_TYPE@@M@Z 10002a90 f   bmodels.obj
 0001:00001ad0       _func_wall_toggle          10002ad0 f   bmodels.obj
 0001:00001ae0       ?Spawn@CFuncWallToggle@@UAEXXZ 10002ae0 f   bmodels.obj
 0001:00001b00       ?TurnOff@CFuncWallToggle@@QAEXXZ 10002b00 f   bmodels.obj
 0001:00001b30       ?TurnOn@CFuncWallToggle@@QAEXXZ 10002b30 f   bmodels.obj
 0001:00001b60       ?IsOn@CFuncWallToggle@@QAEHXZ 10002b60 f   bmodels.obj
 0001:00001b80       ?Use@CFuncWallToggle@@UAEXPAVCBaseEntity@@0W4USE_TYPE@@M@Z 10002b80 f   bmodels.obj
 0001:00001bc0       _func_conveyor             10002bc0 f   bmodels.obj
 0001:00001bd0       ?Spawn@CFuncConveyor@@UAEXXZ 10002bd0 f   bmodels.obj
 0001:00001c50       ?UpdateSpeed@CFuncConveyor@@QAEXM@Z 10002c50 f   bmodels.obj
 0001:00001cd0       ?Use@CFuncConveyor@@UAEXPAVCBaseEntity@@0W4USE_TYPE@@M@Z 10002cd0 f   bmodels.obj
 0001:00001d00       _func_illusionary          10002d00 f   bmodels.obj
 0001:00001d10       ?KeyValue@CFuncIllusionary@@UAEXPAUKeyValueData_s@@@Z 10002d10 f   bmodels.obj
 0001:00001d90       ?Spawn@CFuncIllusionary@@UAEXXZ 10002d90 f   bmodels.obj
 0001:00001df0       _func_monsterclip          10002df0 f   bmodels.obj
 0001:00001e00       ?Spawn@CFuncMonsterClip@@UAEXXZ 10002e00 f   bmodels.obj
 0001:00001e40       ?Save@CFuncRotating@@UAEHAAVCSave@@@Z 10002e40 f   bmodels.obj
 0001:00001e70       ?Restore@CFuncRotating@@UAEHAAVCRestore@@@Z 10002e70 f   bmodels.obj
 0001:00001ea0       _func_rotating             10002ea0 f   bmodels.obj
 0001:00001eb0       ?KeyValue@CFuncRotating@@UAEXPAUKeyValueData_s@@@Z 10002eb0 f   bmodels.obj
 0001:000020c0       ?Spawn@CFuncRotating@@UAEXXZ 100030c0 f   bmodels.obj
 0001:00002300       ?Precache@CFuncRotating@@UAEXXZ 10003300 f   bmodels.obj
 0001:00002490       ?HurtTouch@CFuncRotating@@QAEXPAVCBaseEntity@@@Z 10003490 f   bmodels.obj
 0001:000025f0       ?RampPitchVol@CFuncRotating@@QAEXH@Z 100035f0 f   bmodels.obj
 0001:000026f0       ?SpinUp@CFuncRotating@@QAEXXZ 100036f0 f   bmodels.obj
 0001:000028b0       ?SpinDown@CFuncRotating@@QAEXXZ 100038b0 f   bmodels.obj
 0001:00002a80       ?Rotate@CFuncRotating@@QAEXXZ 10003a80 f   bmodels.obj
 0001:00002aa0       ?RotatingUse@CFuncRotating@@QAEXPAVCBaseEntity@@0W4USE_TYPE@@M@Z 10003aa0 f   bmodels.obj
 0001:00002c20       ?Blocked@CFuncRotating@@UAEXPAVCBaseEntity@@@Z 10003c20 f   bmodels.obj
 0001:00002c40       _func_pendulum             10003c40 f   bmodels.obj
 0001:00002c50       ?Save@CPendulum@@UAEHAAVCSave@@@Z 10003c50 f   bmodels.obj
 0001:00002c80       ?Restore@CPendulum@@UAEHAAVCRestore@@@Z 10003c80 f   bmodels.obj
 0001:00002cb0       ?KeyValue@CPendulum@@UAEXPAUKeyValueData_s@@@Z 10003cb0 f   bmodels.obj
 0001:00002d80       ?Spawn@CPendulum@@UAEXXZ   10003d80 f   bmodels.obj
 0001:00002f20       ?PendulumUse@CPendulum@@QAEXPAVCBaseEntity@@0W4USE_TYPE@@M@Z 10003f20 f   bmodels.obj
 0001:00003030       ?Stop@CPendulum@@QAEXXZ    10004030 f   bmodels.obj
 0001:00003080       ?Blocked@CPendulum@@UAEXPAVCBaseEntity@@@Z 10004080 f   bmodels.obj
 0001:00003090       ?Swing@CPendulum@@QAEXXZ   10004090 f   bmodels.obj
 0001:00003260       ?Touch@CPendulum@@UAEXPAVCBaseEntity@@@Z 10004260 f   bmodels.obj
 0001:000033c0       ?RopeTouch@CPendulum@@QAEXPAVCBaseEntity@@@Z 100043c0 f   bmodels.obj
 0001:00003440       ?GetClassPtr@@YAPAVCFuncWall@@PAV1@@Z 10004440 f i bmodels.obj
 0001:00003490       ?ObjectCaps@CFuncWall@@UAEHXZ 10004490 f i bmodels.obj
 0001:000034a0       ?Precache@CBaseEntity@@UAEXXZ 100044a0 f i bmodels.obj
 0001:000034b0       ?KeyValue@CBaseEntity@@UAEXPAUKeyValueData_s@@@Z 100044b0 f i bmodels.obj
 0001:000034c0       ?BloodColor@CBaseEntity@@UAEHXZ 100044c0 f i bmodels.obj
 0001:000034d0       ?GetToggleState@CBaseEntity@@UAEHXZ 100044d0 f i bmodels.obj
 0001:000034e0       ?GetDelay@CBaseEntity@@UAEMXZ 100044e0 f i bmodels.obj
 0001:000034f0       ?IsAlive@CBaseEntity@@UAEHXZ 100044f0 f i bmodels.obj
 0001:00003520       ?GetClassPtr@@YAPAVCFuncWallToggle@@PAV1@@Z 10004520 f i bmodels.obj
 0001:00003570       ?GetClassPtr@@YAPAVCFuncConveyor@@PAV1@@Z 10004570 f i bmodels.obj
 0001:000035c0       ?GetClassPtr@@YAPAVCFuncIllusionary@@PAV1@@Z 100045c0 f i bmodels.obj
 0001:00003610       ?ObjectCaps@CFuncIllusionary@@UAEHXZ 10004610 f i bmodels.obj
 0001:00003620       ?GetClassPtr@@YAPAVCFuncMonsterClip@@PAV1@@Z 10004620 f i bmodels.obj
 0001:00003670       ?Use@CFuncMonsterClip@@UAEXPAVCBaseEntity@@0W4USE_TYPE@@M@Z 10004670 f i bmodels.obj
 0001:00003680       ?GetClassPtr@@YAPAVCFuncRotating@@PAV1@@Z 10004680 f i bmodels.obj
 0001:000036d0       ?ObjectCaps@CFuncRotating@@UAEHXZ 100046d0 f i bmodels.obj
 0001:000036e0       ?GetClassPtr@@YAPAVCPendulum@@PAV1@@Z 100046e0 f i bmodels.obj
 0001:00003730       ?ObjectCaps@CPendulum@@UAEHXZ 10004730 f i bmodels.obj
 0001:00003740       ?Save@CEnvGlobal@@UAEHAAVCSave@@@Z 10004740 f   buttons.obj
 0001:00003770       ?Restore@CEnvGlobal@@UAEHAAVCRestore@@@Z 10004770 f   buttons.obj
 0001:000037a0       _env_global                100047a0 f   buttons.obj
 0001:000037b0       ?KeyValue@CEnvGlobal@@UAEXPAUKeyValueData_s@@@Z 100047b0 f   buttons.obj
 0001:000038c0       ?Spawn@CEnvGlobal@@UAEXXZ  100048c0 f   buttons.obj
 0001:00003920       ?Use@CEnvGlobal@@UAEXPAVCBaseEntity@@0W4USE_TYPE@@M@Z 10004920 f   buttons.obj
 0001:000039a0       ?Save@CMultiSource@@UAEHAAVCSave@@@Z 100049a0 f   buttons.obj
 0001:000039d0       ?Restore@CMultiSource@@UAEHAAVCRestore@@@Z 100049d0 f   buttons.obj
 0001:00003a00       _multisource               10004a00 f   buttons.obj
 0001:00003a10       ?KeyValue@CMultiSource@@UAEXPAUKeyValueData_s@@@Z 10004a10 f   buttons.obj
 0001:00003bd0       ?Spawn@CMultiSource@@UAEXXZ 10004bd0 f   buttons.obj
 0001:00003c20       ?Use@CMultiSource@@UAEXPAVCBaseEntity@@0W4USE_TYPE@@M@Z 10004c20 f   buttons.obj
 0001:00003d00       ?IsTriggered@CMultiSource@@UAEHPAVCBaseEntity@@@Z 10004d00 f   buttons.obj
 0001:00003d60       ?Register@CMultiSource@@QAEXXZ 10004d60 f   buttons.obj
 0001:00003e90       ?Save@CBaseButton@@UAEHAAVCSave@@@Z 10004e90 f   buttons.obj
 0001:00003ec0       ?Restore@CBaseButton@@UAEHAAVCRestore@@@Z 10004ec0 f   buttons.obj
 0001:00003ef0       ?Precache@CBaseButton@@UAEXXZ 10004ef0 f   buttons.obj
 0001:000041b0       ?KeyValue@CBaseButton@@UAEXPAUKeyValueData_s@@@Z 100051b0 f   buttons.obj
 0001:000043e0       ?TakeDamage@CBaseButton@@UAEHPAUentvars_s@@0MH@Z 100053e0 f   buttons.obj
 0001:000044b0       _func_button               100054b0 f   buttons.obj
 0001:000044c0       ?Spawn@CBaseButton@@UAEXXZ 100054c0 f   buttons.obj
 0001:00004740       ?ButtonSound@@YAPADH@Z     10005740 f   buttons.obj
 0001:00004830       ?DoSpark@@YAXPAUentvars_s@@ABVVector@@@Z 10005830 f   buttons.obj
 0001:00004a10       ?ButtonSpark@CBaseButton@@QAEXXZ 10005a10 f   buttons.obj
 0001:00004a60       ?ButtonUse@CBaseButton@@QAEXPAVCBaseEntity@@0W4USE_TYPE@@M@Z 10005a60 f   buttons.obj
 0001:00004af0       ?ButtonResponseToTouch@CBaseButton@@QAE?AW4BUTTON_CODE@1@XZ 10005af0 f   buttons.obj
 0001:00004b50       ?ButtonTouch@CBaseButton@@QAEXPAVCBaseEntity@@@Z 10005b50 f   buttons.obj
 0001:00004c70       ?ButtonActivate@CBaseButton@@QAEXXZ 10005c70 f   buttons.obj
 0001:00004d60       ?TriggerAndWait@CBaseButton@@QAEXXZ 10005d60 f   buttons.obj
 0001:00004e00       ?ButtonReturn@CBaseButton@@QAEXXZ 10005e00 f   buttons.obj
 0001:00004e80       ?ButtonBackHome@CBaseButton@@QAEXXZ 10005e80 f   buttons.obj
 0001:00004fd0       _func_rot_button           10005fd0 f   buttons.obj
 0001:00004fe0       ?Spawn@CRotButton@@UAEXXZ  10005fe0 f   buttons.obj
 0001:00005200       ?Save@CMomentaryRotButton@@UAEHAAVCSave@@@Z 10006200 f   buttons.obj
 0001:00005230       ?Restore@CMomentaryRotButton@@UAEHAAVCRestore@@@Z 10006230 f   buttons.obj
 0001:00005260       _momentary_rot_button      10006260 f   buttons.obj
 0001:00005270       ?Spawn@CMomentaryRotButton@@UAEXXZ 10006270 f   buttons.obj
 0001:00005470       ?KeyValue@CMomentaryRotButton@@UAEXPAUKeyValueData_s@@@Z 10006470 f   buttons.obj
 0001:00005540       ?PlaySound@CMomentaryRotButton@@QAEXXZ 10006540 f   buttons.obj
 0001:00005580       ?Use@CMomentaryRotButton@@UAEXPAVCBaseEntity@@0W4USE_TYPE@@M@Z 10006580 f   buttons.obj
 0001:000055e0       ?UpdateAllButtons@CMomentaryRotButton@@QAEXMH@Z 100065e0 f   buttons.obj
 0001:000056a0       ?UpdateSelf@CMomentaryRotButton@@QAEXM@Z 100066a0 f   buttons.obj
 0001:00005820       ?UpdateTarget@CMomentaryRotButton@@QAEXM@Z 10006820 f   buttons.obj
 0001:00005890       ?Off@CMomentaryRotButton@@QAEXXZ 10006890 f   buttons.obj
 0001:00005910       ?Return@CMomentaryRotButton@@QAEXXZ 10006910 f   buttons.obj
 0001:00005970       ?UpdateSelfReturn@CMomentaryRotButton@@QAEXM@Z 10006970 f   buttons.obj
 0001:00005a50       ?Save@CEnvSpark@@UAEHAAVCSave@@@Z 10006a50 f   buttons.obj
 0001:00005a80       ?Restore@CEnvSpark@@UAEHAAVCRestore@@@Z 10006a80 f   buttons.obj
 0001:00005ab0       _env_spark                 10006ab0 f   buttons.obj
 0001:00005ac0       _env_debris                10006ac0 f   buttons.obj
 0001:00005ad0       ?Spawn@CEnvSpark@@UAEXXZ   10006ad0 f   buttons.obj
 0001:00005b60       ?Precache@CEnvSpark@@UAEXXZ 10006b60 f   buttons.obj
 0001:00005bb0       ?KeyValue@CEnvSpark@@UAEXPAUKeyValueData_s@@@Z 10006bb0 f   buttons.obj
 0001:00005d70       ?SparkThink@CEnvSpark@@QAEXXZ 10006d70 f   buttons.obj
 0001:00005db0       ?SparkStart@CEnvSpark@@QAEXPAVCBaseEntity@@0W4USE_TYPE@@M@Z 10006db0 f   buttons.obj
 0001:00005df0       ?SparkStop@CEnvSpark@@QAEXPAVCBaseEntity@@0W4USE_TYPE@@M@Z 10006df0 f   buttons.obj
 0001:00005e10       _button_target             10006e10 f   buttons.obj
 0001:00005e20       ?Spawn@CButtonTarget@@UAEXXZ 10006e20 f   buttons.obj
 0001:00005e90       ?Use@CButtonTarget@@UAEXPAVCBaseEntity@@0W4USE_TYPE@@M@Z 10006e90 f   buttons.obj
 0001:00005f10       ?ObjectCaps@CButtonTarget@@UAEHXZ 10006f10 f   buttons.obj
 0001:00005f30       ?TakeDamage@CButtonTarget@@UAEHPAUentvars_s@@0MH@Z 10006f30 f   buttons.obj
 0001:00005f70       ?GetClassPtr@@YAPAVCEnvGlobal@@PAV1@@Z 10006f70 f i buttons.obj
 0001:00005fc0       ?ObjectCaps@CPointEntity@@UAEHXZ 10006fc0 f i buttons.obj
 0001:00005fd0       ?GetClassPtr@@YAPAVCMultiSource@@PAV1@@Z 10006fd0 f i buttons.obj
 0001:00006020       ?ObjectCaps@CMultiSource@@UAEHXZ 10007020 f i buttons.obj
 0001:00006030       ?GetClassPtr@@YAPAVCBaseButton@@PAV1@@Z 10007030 f i buttons.obj
 0001:00006080       ?ObjectCaps@CBaseButton@@UAEHXZ 10007080 f i buttons.obj
 0001:000060a0       ?GetClassPtr@@YAPAVCRotButton@@PAV1@@Z 100070a0 f i buttons.obj
 0001:000060f0       ?GetClassPtr@@YAPAVCMomentaryRotButton@@PAV1@@Z 100070f0 f i buttons.obj
 0001:00006140       ?ObjectCaps@CMomentaryRotButton@@UAEHXZ 10007140 f i buttons.obj
 0001:00006160       ?GetClassPtr@@YAPAVCEnvSpark@@PAV1@@Z 10007160 f i buttons.obj
 0001:000061b0       ?GetClassPtr@@YAPAVCButtonTarget@@PAV1@@Z 100071b0 f i buttons.obj
 0001:00006200       _GetEntityAPI              10007200 f   cbase.obj
 0001:00006230       _GetEntityAPI2             10007230 f   cbase.obj
 0001:00006270       ?DispatchSpawn@@YAHPAUedict_s@@@Z 10007270 f   cbase.obj
 0001:00006420       ?DispatchKeyValue@@YAXPAUedict_s@@PAUKeyValueData_s@@@Z 10007420 f   cbase.obj
 0001:00006460       ?DispatchTouch@@YAXPAUedict_s@@0@Z 10007460 f   cbase.obj
 0001:000064c0       ?DispatchUse@@YAXPAUedict_s@@0@Z 100074c0 f   cbase.obj
 0001:00006500       ?DispatchThink@@YAXPAUedict_s@@@Z 10007500 f   cbase.obj
 0001:00006550       ?DispatchBlocked@@YAXPAUedict_s@@0@Z 10007550 f   cbase.obj
 0001:00006580       ?DispatchSave@@YAXPAUedict_s@@PAUsaverestore_s@@@Z 10007580 f   cbase.obj
 0001:00006680       ??1CSave@@QAE@XZ           10007680 f i cbase.obj
 0001:00006690       ?FindGlobalEntity@@YAPAVCBaseEntity@@HH@Z 10007690 f   cbase.obj
 0001:00006740       ?DispatchRestore@@YAHPAUedict_s@@PAUsaverestore_s@@H@Z 10007740 f   cbase.obj
 0001:00006ae0       ??1CRestore@@QAE@XZ        10007ae0 f i cbase.obj
 0001:00006af0       ?DispatchObjectCollsionBox@@YAXPAUedict_s@@@Z 10007af0 f   cbase.obj
 0001:00006b20       ?SaveWriteFields@@YAXPAUsaverestore_s@@PBDPAXPAUTYPEDESCRIPTION@@H@Z 10007b20 f   cbase.obj
 0001:00006b90       ?SaveReadFields@@YAXPAUsaverestore_s@@PBDPAXPAUTYPEDESCRIPTION@@H@Z 10007b90 f   cbase.obj
 0001:00006c10       ?Get@EHANDLE@@QAEPAUedict_s@@XZ 10007c10 f   cbase.obj
 0001:00006c30       ?Set@EHANDLE@@QAEPAUedict_s@@PAU2@@Z 10007c30 f   cbase.obj
 0001:00006c50       ??BEHANDLE@@QAEPAVCBaseEntity@@XZ 10007c50 f   cbase.obj
 0001:00006c60       ??4EHANDLE@@QAEPAVCBaseEntity@@PAV1@@Z 10007c60 f   cbase.obj
 0001:00006c90       ??BEHANDLE@@QAEHXZ         10007c90 f   cbase.obj
 0001:00006ca0       ??CEHANDLE@@QAEPAVCBaseEntity@@XZ 10007ca0 f   cbase.obj
 0001:00006cb0       ?TakeHealth@CBaseEntity@@UAEHMH@Z 10007cb0 f   cbase.obj
 0001:00006d20       ?TakeDamage@CBaseEntity@@UAEHPAUentvars_s@@0MH@Z 10007d20 f   cbase.obj
 0001:000070d0       ??HVector@@QBE?AV0@ABV0@@Z 100080d0 f i cbase.obj
 0001:00007110       ??DVector@@QBE?AV0@M@Z     10008110 f i cbase.obj
 0001:00007150       ?Length@Vector@@QBEMXZ     10008150 f i cbase.obj
 0001:00007180       ?Killed@CBaseEntity@@UAEXPAUentvars_s@@H@Z 10008180 f   cbase.obj
 0001:000071b0       ?GetNextTarget@CBaseEntity@@UAEPAV1@XZ 100081b0 f   cbase.obj
 0001:00007200       ?Save@CBaseEntity@@UAEHAAVCSave@@@Z 10008200 f   cbase.obj
 0001:00007240       ?Restore@CBaseEntity@@UAEHAAVCRestore@@@Z 10008240 f   cbase.obj
 0001:00007500       ?SetObjectCollisionBox@CBaseEntity@@UAEXXZ 10008500 f   cbase.obj
 0001:00007510       ?Intersects@CBaseEntity@@QAEHPAV1@@Z 10008510 f   cbase.obj
 0001:000075a0       ?MakeDormant@CBaseEntity@@QAEXXZ 100085a0 f   cbase.obj
 0001:00007600       ?IsDormant@CBaseEntity@@QAEHXZ 10008600 f   cbase.obj
 0001:00007610       ?IsInWorld@CBaseEntity@@UAEHXZ 10008610 f   cbase.obj
 0001:00007700       ?ShouldToggle@CBaseEntity@@QAEHW4USE_TYPE@@H@Z 10008700 f   cbase.obj
 0001:00007730       ?DamageDecal@CBaseEntity@@UAEHH@Z 10008730 f   cbase.obj
 0001:00007760       ?Create@CBaseEntity@@SAPAV1@PADABVVector@@1PAUedict_s@@@Z 10008760 f   cbase.obj
 0001:00007800       ?set_suicide_frame@@YAXPAUentvars_s@@@Z 10008800 f   client.obj
 0001:00007880       ?ClientConnect@@YAHPAUedict_s@@PBD1QAD@Z 10008880 f   client.obj
 0001:000078a0       ?ClientDisconnect@@YAXPAUedict_s@@@Z 100088a0 f   client.obj
 0001:00007970       ?respawn@@YAXPAUentvars_s@@H@Z 10008970 f   client.obj
 0001:000079d0       ?ClientKill@@YAXPAUedict_s@@@Z 100089d0 f   client.obj
 0001:00007a40       ?ClientPutInServer@@YAXPAUedict_s@@@Z 10008a40 f   client.obj
 0001:00007a80       ?Host_Say@@YAXPAUedict_s@@H@Z 10008a80 f   client.obj
 0001:00007ea0       ?ClientCommand@@YAXPAUedict_s@@@Z 10008ea0 f   client.obj
 0001:00008300       ?VARS@@YAPAUentvars_s@@PAUedict_s@@@Z 10009300 f i client.obj
 0001:00008310       ?ClientUserInfoChanged@@YAXPAUedict_s@@PAD@Z 10009310 f   client.obj
 0001:00008560       ?ServerDeactivate@@YAXXZ   10009560 f   client.obj
 0001:00008580       ?ServerActivate@@YAXPAUedict_s@@HH@Z 10009580 f   client.obj
 0001:00008620       ?PlayerPreThink@@YAXPAUedict_s@@@Z 10009620 f   client.obj
 0001:00008640       ?PlayerPostThink@@YAXPAUedict_s@@@Z 10009640 f   client.obj
 0001:00008660       ?ParmsNewLevel@@YAXXZ      10009660 f   client.obj
 0001:00008670       ?ParmsChangeLevel@@YAXXZ   10009670 f   client.obj
 0001:000086a0       ?StartFrame@@YAXXZ         100096a0 f   client.obj
 0001:000086d0       ?ClientPrecache@@YAXXZ     100096d0 f   client.obj
 0001:00008a50       ?GetGameDescription@@YAPBDXZ 10009a50 f   client.obj
 0001:00008a70       ?Sys_Error@@YAXPBD@Z       10009a70 f   client.obj
 0001:00008a80       ?PlayerCustomization@@YAXPAUedict_s@@PAUcustomization_s@@@Z 10009a80 f   client.obj
 0001:00008af0       ?SpectatorConnect@@YAXPAUedict_s@@@Z 10009af0 f   client.obj
 0001:00008b10       ?SpectatorDisconnect@@YAXPAUedict_s@@@Z 10009b10 f   client.obj
 0001:00008b30       ?SpectatorThink@@YAXPAUedict_s@@@Z 10009b30 f   client.obj
 0001:00008b50       ?SetupVisibility@@YAXPAUedict_s@@0PAPAE1@Z 10009b50 f   client.obj
 0001:00008c50       ?AddToFullPack@@YAHPAUentity_state_s@@HPAUedict_s@@1HHPAE@Z 10009c50 f   client.obj
 0001:00009080       ?CreateBaseline@@YAXHHPAUentity_state_s@@PAUedict_s@@HVVector@@2@Z 1000a080 f   client.obj
 0001:00009220       ?Entity_FieldInit@@YAXPAUdelta_s@@@Z 1000a220 f   client.obj
 0001:00009290       ?Entity_Encode@@YAXPAUdelta_s@@PBE1@Z 1000a290 f   client.obj
 0001:000093f0       ?Player_FieldInit@@YAXPAUdelta_s@@@Z 1000a3f0 f   client.obj
 0001:00009430       ?Player_Encode@@YAXPAUdelta_s@@PBE1@Z 1000a430 f   client.obj
 0001:00009510       ?Custom_Entity_FieldInit@@YAXPAUdelta_s@@@Z 1000a510 f   client.obj
 0001:000095c0       ?Custom_Encode@@YAXPAUdelta_s@@PBE1@Z 1000a5c0 f   client.obj
 0001:000096b0       ?RegisterEncoders@@YAXXZ   1000a6b0 f   client.obj
 0001:000096f0       ?GetWeaponData@@YAHPAUedict_s@@PAUweapon_data_s@@@Z 1000a6f0 f   client.obj
 0001:000098c0       ?UpdateClientData@@YAXPBUedict_s@@HPAUclientdata_s@@@Z 1000a8c0 f   client.obj
 0001:00009b70       ?CmdStart@@YAXPBUedict_s@@PBUusercmd_s@@I@Z 1000ab70 f   client.obj
 0001:00009bc0       ?CmdEnd@@YAXPBUedict_s@@@Z 1000abc0 f   client.obj
 0001:00009c00       ?ConnectionlessPacket@@YAHPBUnetadr_s@@PBDPADPAH@Z 1000ac00 f   client.obj
 0001:00009c10       ?GetHullBounds@@YAHHPAM0@Z 1000ac10 f   client.obj
 0001:00009c30       ?CreateInstancedBaselines@@YAXXZ 1000ac30 f   client.obj
 0001:00009c40       ?InconsistentFile@@YAHPBUedict_s@@PBDPAD@Z 1000ac40 f   client.obj
 0001:00009c80       ?AllowLagCompensation@@YAHXZ 1000ac80 f   client.obj
 0001:00009c90       ?GetClassPtr@@YAPAVCBasePlayer@@PAV1@@Z 1000ac90 f i client.obj
 0001:00009ce0       ?BodyTarget@CBasePlayer@@UAE?AVVector@@ABV2@@Z 1000ace0 f i client.obj
 0001:00009d60       ?StartSneaking@CBasePlayer@@UAEXXZ 1000ad60 f i client.obj
 0001:00009d80       ?StopSneaking@CBasePlayer@@UAEXXZ 1000ad80 f i client.obj
 0001:00009da0       ?IsSneaking@CBasePlayer@@UAEHXZ 1000ada0 f i client.obj
 0001:00009dc0       ?IsAlive@CBasePlayer@@UAEHXZ 1000adc0 f i client.obj
 0001:00009df0       ?ShouldFadeOnDeath@CBasePlayer@@UAEHXZ 1000adf0 f i client.obj
 0001:00009e00       ?IsPlayer@CBasePlayer@@UAEHXZ 1000ae00 f i client.obj
 0001:00009e10       ?IsNetClient@CBasePlayer@@UAEHXZ 1000ae10 f i client.obj
 0001:00009e20       ?ObjectCaps@CBasePlayer@@UAEHXZ 1000ae20 f i client.obj
 0001:00009e30       ?LimitVelocity@CGib@@QAEXXZ 1000ae30 f   combat.obj
 0001:00009f30       ?SpawnStickyGibs@CGib@@SAXPAUentvars_s@@VVector@@H@Z 1000af30 f   combat.obj
 0001:0000a310       ?SpawnHeadGib@CGib@@SAXPAUentvars_s@@@Z 1000b310 f   combat.obj
 0001:0000a750       ?SpawnRandomGibs@CGib@@SAXPAUentvars_s@@HH@Z 1000b750 f   combat.obj
 0001:0000ab40       ?HasHumanGibs@CBaseMonster@@UAEHXZ 1000bb40 f   combat.obj
 0001:0000ab70       ?HasAlienGibs@CBaseMonster@@UAEHXZ 1000bb70 f   combat.obj
 0001:0000aba0       ?FadeMonster@CBaseMonster@@UAEXXZ 1000bba0 f   combat.obj
 0001:0000ac20       ?GibMonster@CBaseMonster@@UAEXXZ 1000bc20 f   combat.obj
 0001:0000ad10       ?GetDeathActivity@CBaseMonster@@UAE?AW4Activity@@XZ 1000bd10 f   combat.obj
 0001:0000afd0       ?GetSmallFlinchActivity@CBaseMonster@@QAE?AW4Activity@@XZ 1000bfd0 f   combat.obj
 0001:0000b060       ?BecomeDead@CBaseMonster@@UAEXXZ 1000c060 f   combat.obj
 0001:0000b0a0       ?ShouldGibMonster@CBaseMonster@@QAEHH@Z 1000c0a0 f   combat.obj
 0001:0000b0d0       ?CallGibMonster@CBaseMonster@@QAEXXZ 1000c0d0 f   combat.obj
 0001:0000b1c0       ?Killed@CBaseMonster@@UAEXPAUentvars_s@@H@Z 1000c1c0 f   combat.obj
 0001:0000b2d0       ?SUB_StartFadeOut@CBaseEntity@@QAEXXZ 1000c2d0 f   combat.obj
 0001:0000b340       ?SUB_FadeOut@CBaseEntity@@QAEXXZ 1000c340 f   combat.obj
 0001:0000b3b0       ?WaitTillLand@CGib@@QAEXXZ 1000c3b0 f   combat.obj
 0001:0000b450       ?BounceGibTouch@CGib@@QAEXPAVCBaseEntity@@@Z 1000c450 f   combat.obj
 0001:0000b610       ?StickyGibTouch@CGib@@QAEXPAVCBaseEntity@@@Z 1000c610 f   combat.obj
 0001:0000b7f0       ?Spawn@CGib@@QAEXPBD@Z     1000c7f0 f   combat.obj
 0001:0000b900       ?TakeHealth@CBaseMonster@@UAEHMH@Z 1000c900 f   combat.obj
 0001:0000b950       ?TakeDamage@CBaseMonster@@UAEHPAUentvars_s@@0MH@Z 1000c950 f   combat.obj
 0001:0000bf40       ?DeadTakeDamage@CBaseMonster@@QAEHPAUentvars_s@@0MH@Z 1000cf40 f   combat.obj
 0001:0000c160       ?DamageForce@CBaseMonster@@QAEMM@Z 1000d160 f   combat.obj
 0001:0000c1a0       ?RadiusDamage@@YAXVVector@@PAUentvars_s@@1MMHH@Z 1000d1a0 f   combat.obj
 0001:0000c460       ??GVector@@QBE?AV0@ABV0@@Z 1000d460 f i combat.obj
 0001:0000c4a0       ?Normalize@Vector@@QBE?AV1@XZ 1000d4a0 f i combat.obj
 0001:0000c530       ?RadiusDamage@CBaseMonster@@QAEXPAUentvars_s@@0MHH@Z 1000d530 f   combat.obj
 0001:0000c580       ?RadiusDamage@CBaseMonster@@QAEXVVector@@PAUentvars_s@@1MHH@Z 1000d580 f   combat.obj
 0001:0000c5d0       ?CheckTraceHullAttack@CBaseMonster@@QAEPAVCBaseEntity@@MHH@Z 1000d5d0 f   combat.obj
 0001:0000c6e0       ?FInViewCone@CBaseMonster@@UAEHPAVCBaseEntity@@@Z 1000d6e0 f   combat.obj
 0001:0000c7c0       ?FInViewCone@CBaseMonster@@UAEHPAVVector@@@Z 1000d7c0 f   combat.obj
 0001:0000c8a0       ?FVisible@CBaseEntity@@UAEHPAV1@@Z 1000d8a0 f   combat.obj
 0001:0000c9c0       ?FVisible@CBaseEntity@@UAEHABVVector@@@Z 1000d9c0 f   combat.obj
 0001:0000ca40       ?TraceAttack@CBaseEntity@@UAEXPAUentvars_s@@MVVector@@PAUTraceResult@@H@Z 1000da40 f   combat.obj
 0001:0000cb20       ?TraceAttack@CBaseMonster@@UAEXPAUentvars_s@@MVVector@@PAUTraceResult@@H@Z 1000db20 f   combat.obj
 0001:0000cc10       ?FireBullets@CBaseEntity@@QAEXKVVector@@00MHHHPAUentvars_s@@@Z 1000dc10 f   combat.obj
 0001:0000d480       ?FireBulletsPlayer@CBaseEntity@@QAE?AVVector@@KV2@00MHHHPAUentvars_s@@H@Z 1000e480 f   combat.obj
 0001:0000da40       ?TraceBleed@CBaseEntity@@UAEXMVVector@@PAUTraceResult@@H@Z 1000ea40 f   combat.obj
 0001:0000dc40       ?MakeDamageBloodDecal@CBaseMonster@@QAEXHMPAUTraceResult@@ABVVector@@@Z 1000ec40 f   combat.obj
 0001:0000ddb0       ?GetClassPtr@@YAPAVCGib@@PAV1@@Z 1000edb0 f i combat.obj
 0001:0000de00       ?ObjectCaps@CGib@@UAEHXZ   1000ee00 f i combat.obj
 0001:0000de10       ?Spawn@CBaseEntity@@UAEXXZ 1000ee10 f i combat.obj
 0001:0000de20       _crossbow_bolt             1000ee20 f   crossbow.obj
 0001:0000de30       ?BoltCreate@CCrossbowBolt@@SAPAV1@XZ 1000ee30 f   crossbow.obj
 0001:0000de60       ?Spawn@CCrossbowBolt@@EAEXXZ 1000ee60 f   crossbow.obj
 0001:0000df30       ?Precache@CCrossbowBolt@@EAEXXZ 1000ef30 f   crossbow.obj
 0001:0000df90       ?Classify@CCrossbowBolt@@EAEHXZ 1000ef90 f   crossbow.obj
 0001:0000dfa0       ?BoltTouch@CCrossbowBolt@@AAEXPAVCBaseEntity@@@Z 1000efa0 f   crossbow.obj
 0001:0000e430       ?BubbleThink@CCrossbowBolt@@AAEXXZ 1000f430 f   crossbow.obj
 0001:0000e4b0       ?ExplodeThink@CCrossbowBolt@@AAEXXZ 1000f4b0 f   crossbow.obj
 0001:0000e5b0       _weapon_crossbow           1000f5b0 f   crossbow.obj
 0001:0000e5c0       ?Spawn@CCrossbow@@UAEXXZ   1000f5c0 f   crossbow.obj
 0001:0000e600       ?AddToPlayer@CCrossbow@@UAEHPAVCBasePlayer@@@Z 1000f600 f   crossbow.obj
 0001:0000e660       ?Precache@CCrossbow@@UAEXXZ 1000f660 f   crossbow.obj
 0001:0000e6e0       ?GetItemInfo@CCrossbow@@UAEHPAUItemInfo@@@Z 1000f6e0 f   crossbow.obj
 0001:0000e750       ?Deploy@CCrossbow@@UAEHXZ  1000f750 f   crossbow.obj
 0001:0000e790       ?Holster@CCrossbow@@UAEXH@Z 1000f790 f   crossbow.obj
 0001:0000e800       ?PrimaryAttack@CCrossbow@@UAEXXZ 1000f800 f   crossbow.obj
 0001:0000e830       ?FireSniperBolt@CCrossbow@@QAEXXZ 1000f830 f   crossbow.obj
 0001:0000eae0       ?FireBolt@CCrossbow@@QAEXXZ 1000fae0 f   crossbow.obj
 0001:0000ee00       ?SecondaryAttack@CCrossbow@@UAEXXZ 1000fe00 f   crossbow.obj
 0001:0000ee90       ?Reload@CCrossbow@@UAEXXZ  1000fe90 f   crossbow.obj
 0001:0000ef30       ?WeaponIdle@CCrossbow@@UAEXXZ 1000ff30 f   crossbow.obj
 0001:0000f040       _ammo_crossbow             10010040 f   crossbow.obj
 0001:0000f050       ?GetClassPtr@@YAPAVCCrossbowBolt@@PAV1@@Z 10010050 f i crossbow.obj
 0001:0000f0a0       ?GetClassPtr@@YAPAVCCrossbow@@PAV1@@Z 100100a0 f i crossbow.obj
 0001:0000f0f0       ?GetClassPtr@@YAPAVCCrossbowAmmo@@PAV1@@Z 100100f0 f i crossbow.obj
 0001:0000f140       ?Spawn@CCrossbowAmmo@@EAEXXZ 10010140 f i crossbow.obj
 0001:0000f170       ?Precache@CCrossbowAmmo@@EAEXXZ 10010170 f i crossbow.obj
 0001:0000f190       ?AddAmmo@CCrossbowAmmo@@EAEHPAVCBaseEntity@@@Z 10010190 f i crossbow.obj
 0001:0000f1e0       ?Instance@CBaseEntity@@SAPAV1@PAUedict_s@@@Z 100101e0 f i crossbow.obj
 0001:0000f200       ?CanHolster@CBasePlayerItem@@UAEHXZ 10010200 f i crossbow.obj
 0001:0000f210       ?ItemPreFrame@CBasePlayerItem@@UAEXXZ 10010210 f i crossbow.obj
 0001:0000f220       ?AddWeapon@CBasePlayerWeapon@@UAEHXZ 10010220 f i crossbow.obj
 0001:0000f230       ?UpdateItemInfo@CBasePlayerWeapon@@UAEXXZ 10010230 f i crossbow.obj
 0001:0000f240       ?ShouldWeaponIdle@CBasePlayerWeapon@@UAEHXZ 10010240 f i crossbow.obj
 0001:0000f250       ?GetWeaponPtr@CBasePlayerWeapon@@UAEPAVCBasePlayerItem@@XZ 10010250 f i crossbow.obj
 0001:0000f260       ?iItemSlot@CCrossbow@@UAEHXZ 10010260 f i crossbow.obj
 0001:0000f270       ?UseDecrement@CCrossbow@@UAEHXZ 10010270 f i crossbow.obj
 0001:0000f280       _weapon_crowbar            10010280 f   crowbar.obj
 0001:0000f290       ?Spawn@CCrowbar@@UAEXXZ    10010290 f   crowbar.obj
 0001:0000f2d0       ?Precache@CCrowbar@@UAEXXZ 100102d0 f   crowbar.obj
 0001:0000f350       ?GetItemInfo@CCrowbar@@UAEHPAUItemInfo@@@Z 10010350 f   crowbar.obj
 0001:0000f3a0       ?Deploy@CCrowbar@@UAEHXZ   100103a0 f   crowbar.obj
 0001:0000f3c0       ?Holster@CCrowbar@@UAEXH@Z 100103c0 f   crowbar.obj
 0001:0000f3f0       ?FindHullIntersection@@YAXABVVector@@AAUTraceResult@@PAM2PAUedict_s@@@Z 100103f0 f   crowbar.obj
 0001:0000f630       ?PrimaryAttack@CCrowbar@@UAEXXZ 10010630 f   crowbar.obj
 0001:0000f660       ?Smack@CCrowbar@@QAEXXZ    10010660 f   crowbar.obj
 0001:0000f680       ?SwingAgain@CCrowbar@@QAEXXZ 10010680 f   crowbar.obj
 0001:0000f690       ?Swing@CCrowbar@@QAEHH@Z   10010690 f   crowbar.obj
 0001:0000fc50       ?GetClassPtr@@YAPAVCCrowbar@@PAV1@@Z 10010c50 f i crowbar.obj
 0001:0000fca0       ?SecondaryAttack@CBasePlayerWeapon@@UAEXXZ 10010ca0 f i crowbar.obj
 0001:0000fcb0       ?Reload@CBasePlayerWeapon@@UAEXXZ 10010cb0 f i crowbar.obj
 0001:0000fcc0       ?WeaponIdle@CBasePlayerWeapon@@UAEXXZ 10010cc0 f i crowbar.obj
 0001:0000fcd0       ?iItemSlot@CCrowbar@@UAEHXZ 10010cd0 f i crowbar.obj
 0001:0000fce0       ?UseDecrement@CCrowbar@@UAEHXZ 10010ce0 f i crowbar.obj
 0001:0000fcf0       ?Save@CBaseDoor@@UAEHAAVCSave@@@Z 10010cf0 f   doors.obj
 0001:0000fd20       ?Restore@CBaseDoor@@UAEHAAVCRestore@@@Z 10010d20 f   doors.obj
 0001:0000fd50       ?PlayLockSounds@@YAXPAUentvars_s@@PAUlocksounds@@HH@Z 10010d50 f   doors.obj
 0001:0000ff70       ?KeyValue@CBaseDoor@@UAEXPAUKeyValueData_s@@@Z 10010f70 f   doors.obj
 0001:000102c0       _func_door                 100112c0 f   doors.obj
 0001:000102d0       _func_water                100112d0 f   doors.obj
 0001:000102e0       ?Spawn@CBaseDoor@@UAEXXZ   100112e0 f   doors.obj
 0001:000104c0       ?SetToggleState@CBaseDoor@@UAEXH@Z 100114c0 f   doors.obj
 0001:00010500       ?Precache@CBaseDoor@@UAEXXZ 10011500 f   doors.obj
 0001:00010a30       ?DoorTouch@CBaseDoor@@QAEXPAVCBaseEntity@@@Z 10011a30 f   doors.obj
 0001:00010b00       ?Use@CBaseDoor@@UAEXPAVCBaseEntity@@0W4USE_TYPE@@M@Z 10011b00 f   doors.obj
 0001:00010b40       ?DoorActivate@CBaseDoor@@QAEHXZ 10011b40 f   doors.obj
 0001:00010c00       ?DoorGoUp@CBaseDoor@@QAEXXZ 10011c00 f   doors.obj
 0001:00010e80       ?DoorHitTop@CBaseDoor@@QAEXXZ 10011e80 f   doors.obj
 0001:00010fb0       ?DoorGoDown@CBaseDoor@@QAEXXZ 10011fb0 f   doors.obj
 0001:000110a0       ?DoorHitBottom@CBaseDoor@@QAEXXZ 100120a0 f   doors.obj
 0001:000111a0       ?Blocked@CBaseDoor@@UAEXPAVCBaseEntity@@@Z 100121a0 f   doors.obj
 0001:00011470       _func_door_rotating        10012470 f   doors.obj
 0001:00011480       ?Spawn@CRotDoor@@UAEXXZ    10012480 f   doors.obj
 0001:000116e0       ?SetToggleState@CRotDoor@@UAEXH@Z 100126e0 f   doors.obj
 0001:00011750       _momentary_door            10012750 f   doors.obj
 0001:00011760       ?Save@CMomentaryDoor@@UAEHAAVCSave@@@Z 10012760 f   doors.obj
 0001:00011790       ?Restore@CMomentaryDoor@@UAEHAAVCRestore@@@Z 10012790 f   doors.obj
 0001:000117c0       ?Spawn@CMomentaryDoor@@UAEXXZ 100127c0 f   doors.obj
 0001:00011970       ?Precache@CMomentaryDoor@@UAEXXZ 10012970 f   doors.obj
 0001:00011ad0       ?KeyValue@CMomentaryDoor@@UAEXPAUKeyValueData_s@@@Z 10012ad0 f   doors.obj
 0001:00011bd0       ?Use@CMomentaryDoor@@UAEXPAVCBaseEntity@@0W4USE_TYPE@@M@Z 10012bd0 f   doors.obj
 0001:00011dc0       ?GetClassPtr@@YAPAVCBaseDoor@@PAV1@@Z 10012dc0 f i doors.obj
 0001:00011e10       ?ObjectCaps@CBaseDoor@@UAEHXZ 10012e10 f i doors.obj
 0001:00011e20       ?GetClassPtr@@YAPAVCRotDoor@@PAV1@@Z 10012e20 f i doors.obj
 0001:00011e70       ?GetClassPtr@@YAPAVCMomentaryDoor@@PAV1@@Z 10012e70 f i doors.obj
 0001:00011ec0       ?ObjectCaps@CMomentaryDoor@@UAEHXZ 10012ec0 f i doors.obj
 0001:00011ed0       _info_target               10012ed0 f   effects.obj
 0001:00011ee0       _env_bubbles               10012ee0 f   effects.obj
 0001:00011ef0       ?Save@CBubbling@@UAEHAAVCSave@@@Z 10012ef0 f   effects.obj
 0001:00011f20       ?Restore@CBubbling@@UAEHAAVCRestore@@@Z 10012f20 f   effects.obj
 0001:00011f50       ?Spawn@CBubbling@@UAEXXZ   10012f50 f   effects.obj
 0001:00012060       ?Precache@CBubbling@@UAEXXZ 10013060 f   effects.obj
 0001:00012080       ?Use@CBubbling@@UAEXPAVCBaseEntity@@0W4USE_TYPE@@M@Z 10013080 f   effects.obj
 0001:000120e0       ?KeyValue@CBubbling@@UAEXPAUKeyValueData_s@@@Z 100130e0 f   effects.obj
 0001:00012200       ?FizzThink@CBubbling@@QAEXXZ 10013200 f   effects.obj
 0001:000122b0       _beam                      100132b0 f   effects.obj
 0001:000122c0       ?Spawn@CBeam@@UAEXXZ       100132c0 f   effects.obj
 0001:000122e0       ?Precache@CBeam@@UAEXXZ    100132e0 f   effects.obj
 0001:00012330       ?SetStartEntity@CBeam@@QAEXH@Z 10013330 f   effects.obj
 0001:00012380       ?SetEndEntity@CBeam@@QAEXH@Z 10013380 f   effects.obj
 0001:000123d0       ?GetStartPos@CBeam@@QAEABVVector@@XZ 100133d0 f   effects.obj
 0001:00012410       ?GetEndPos@CBeam@@QAEABVVector@@XZ 10013410 f   effects.obj
 0001:00012460       ?BeamCreate@CBeam@@SAPAV1@PBDH@Z 10013460 f   effects.obj
 0001:000124a0       ?BeamInit@CBeam@@QAEXPBDH@Z 100134a0 f   effects.obj
 0001:00012560       ?PointsInit@CBeam@@QAEXABVVector@@0@Z 10013560 f   effects.obj
 0001:000125e0       ?HoseInit@CBeam@@QAEXABVVector@@0@Z 100135e0 f   effects.obj
 0001:00012660       ?PointEntInit@CBeam@@QAEXABVVector@@H@Z 10013660 f   effects.obj
 0001:000126e0       ?EntsInit@CBeam@@QAEXHH@Z  100136e0 f   effects.obj
 0001:00012750       ?RelinkBeam@CBeam@@QAEXXZ  10013750 f   effects.obj
 0001:000128f0       ?TriggerTouch@CBeam@@QAEXPAVCBaseEntity@@@Z 100138f0 f   effects.obj
 0001:00012950       ?RandomTargetname@CBeam@@QAEPAVCBaseEntity@@PBD@Z 10013950 f   effects.obj
 0001:000129b0       ?DoSparks@CBeam@@QAEXABVVector@@0@Z 100139b0 f   effects.obj
 0001:000129f0       _env_lightning             100139f0 f   effects.obj
 0001:00012a00       _env_beam                  10013a00 f   effects.obj
 0001:00012a10       ?Save@CLightning@@UAEHAAVCSave@@@Z 10013a10 f   effects.obj
 0001:00012a40       ?Restore@CLightning@@UAEHAAVCRestore@@@Z 10013a40 f   effects.obj
 0001:00012a70       ?Spawn@CLightning@@UAEXXZ  10013a70 f   effects.obj
 0001:00012b90       ?Precache@CLightning@@UAEXXZ 10013b90 f   effects.obj
 0001:00012bc0       ?Activate@CLightning@@UAEXXZ 10013bc0 f   effects.obj
 0001:00012bf0       ?KeyValue@CLightning@@UAEXPAUKeyValueData_s@@@Z 10013bf0 f   effects.obj
 0001:00012fa0       ?ToggleUse@CLightning@@QAEXPAVCBaseEntity@@0W4USE_TYPE@@M@Z 10013fa0 f   effects.obj
 0001:00013050       ?StrikeUse@CLightning@@QAEXPAVCBaseEntity@@0W4USE_TYPE@@M@Z 10014050 f   effects.obj
 0001:000130b0       ?IsPointEntity@@YAHPAVCBaseEntity@@@Z 100140b0 f   effects.obj
 0001:00013190       ?StrikeThink@CLightning@@QAEXXZ 10014190 f   effects.obj
 0001:00013560       ?BeamDamage@CBeam@@QAEXPAUTraceResult@@@Z 10014560 f   effects.obj
 0001:00013670       ?DamageThink@CLightning@@QAEXXZ 10014670 f   effects.obj
 0001:000136c0       ?Zap@CLightning@@QAEXABVVector@@0@Z 100146c0 f   effects.obj
 0001:000137f0       ?RandomArea@CLightning@@QAEXXZ 100147f0 f   effects.obj
 0001:00013c40       ?RandomPoint@CLightning@@QAEXAAVVector@@@Z 10014c40 f   effects.obj
 0001:00013e30       ?BeamUpdateVars@CLightning@@QAEXXZ 10014e30 f   effects.obj
 0001:00014040       _env_laser                 10015040 f   effects.obj
 0001:00014050       ?Save@CLaser@@UAEHAAVCSave@@@Z 10015050 f   effects.obj
 0001:00014080       ?Restore@CLaser@@UAEHAAVCRestore@@@Z 10015080 f   effects.obj
 0001:000140b0       ?Spawn@CLaser@@UAEXXZ      100150b0 f   effects.obj
 0001:00014210       ?Precache@CLaser@@UAEXXZ   10015210 f   effects.obj
 0001:00014260       ?KeyValue@CLaser@@UAEXPAUKeyValueData_s@@@Z 10015260 f   effects.obj
 0001:00014550       ?IsOn@CLaser@@QAEHXZ       10015550 f   effects.obj
 0001:00014570       ?TurnOff@CLaser@@QAEXXZ    10015570 f   effects.obj
 0001:000145a0       ?TurnOn@CLaser@@QAEXXZ     100155a0 f   effects.obj
 0001:000145f0       ?Use@CLaser@@UAEXPAVCBaseEntity@@0W4USE_TYPE@@M@Z 100155f0 f   effects.obj
 0001:00014630       ?FireAtPoint@CLaser@@QAEXAAUTraceResult@@@Z 10015630 f   effects.obj
 0001:00014690       ?StrikeThink@CLaser@@QAEXXZ 10015690 f   effects.obj
 0001:00014720       _env_glow                  10015720 f   effects.obj
 0001:00014730       ?Save@CGlow@@UAEHAAVCSave@@@Z 10015730 f   effects.obj
 0001:00014760       ?Restore@CGlow@@UAEHAAVCRestore@@@Z 10015760 f   effects.obj
 0001:00014790       ?Spawn@CGlow@@UAEXXZ       10015790 f   effects.obj
 0001:00014890       ?Think@CGlow@@UAEXXZ       10015890 f   effects.obj
 0001:000148e0       ?Animate@CGlow@@QAEXM@Z    100158e0 f   effects.obj
 0001:00014910       _env_sprite                10015910 f   effects.obj
 0001:00014920       ?Save@CSprite@@UAEHAAVCSave@@@Z 10015920 f   effects.obj
 0001:00014950       ?Restore@CSprite@@UAEHAAVCRestore@@@Z 10015950 f   effects.obj
 0001:00014980       ?Spawn@CSprite@@UAEXXZ     10015980 f   effects.obj
 0001:00014a60       ?Precache@CSprite@@UAEXXZ  10015a60 f   effects.obj
 0001:00014af0       ?SpriteInit@CSprite@@QAEXPBDABVVector@@@Z 10015af0 f   effects.obj
 0001:00014b30       ?SpriteCreate@CSprite@@SAPAV1@PBDABVVector@@H@Z 10015b30 f   effects.obj
 0001:00014ba0       ?AnimateThink@CSprite@@QAEXXZ 10015ba0 f   effects.obj
 0001:00014bf0       ?AnimateUntilDead@CSprite@@QAEXXZ 10015bf0 f   effects.obj
 0001:00014c30       ?Expand@CSprite@@QAEXMM@Z  10015c30 f   effects.obj
 0001:00014c70       ?ExpandThink@CSprite@@QAEXXZ 10015c70 f   effects.obj
 0001:00014cf0       ?Animate@CSprite@@QAEXM@Z  10015cf0 f   effects.obj
 0001:00014d60       ?TurnOff@CSprite@@QAEXXZ   10015d60 f   effects.obj
 0001:00014d80       ?TurnOn@CSprite@@QAEXXZ    10015d80 f   effects.obj
 0001:00014e00       ?Use@CSprite@@UAEXPAVCBaseEntity@@0W4USE_TYPE@@M@Z 10015e00 f   effects.obj
 0001:00014e50       ?Save@CGibShooter@@UAEHAAVCSave@@@Z 10015e50 f   effects.obj
 0001:00014e80       ?Restore@CGibShooter@@UAEHAAVCRestore@@@Z 10015e80 f   effects.obj
 0001:00014eb0       _gibshooter                10015eb0 f   effects.obj
 0001:00014ec0       ?Precache@CGibShooter@@UAEXXZ 10015ec0 f   effects.obj
 0001:00014f00       ?KeyValue@CGibShooter@@UAEXPAUKeyValueData_s@@@Z 10015f00 f   effects.obj
 0001:00015070       ?Use@CGibShooter@@UAEXPAVCBaseEntity@@0W4USE_TYPE@@M@Z 10016070 f   effects.obj
 0001:00015090       ?Spawn@CGibShooter@@UAEXXZ 10016090 f   effects.obj
 0001:00015110       ?CreateGib@CGibShooter@@UAEPAVCGib@@XZ 10016110 f   effects.obj
 0001:000151a0       ?ShootThink@CGibShooter@@QAEXXZ 100161a0 f   effects.obj
 0001:00015570       _env_shooter               10016570 f   effects.obj
 0001:00015580       ?KeyValue@CEnvShooter@@EAEXPAUKeyValueData_s@@@Z 10016580 f   effects.obj
 0001:000156b0       ?Precache@CEnvShooter@@EAEXXZ 100166b0 f   effects.obj
 0001:000156f0       ?CreateGib@CEnvShooter@@EAEPAVCGib@@XZ 100166f0 f   effects.obj
 0001:000157e0       _test_effect               100167e0 f   effects.obj
 0001:000157f0       ?Spawn@CTestEffect@@UAEXXZ 100167f0 f   effects.obj
 0001:00015800       ?Precache@CTestEffect@@UAEXXZ 10016800 f   effects.obj
 0001:00015810       ?TestThink@CTestEffect@@QAEXXZ 10016810 f   effects.obj
 0001:00015ad0       ?Use@CTestEffect@@UAEXPAVCBaseEntity@@0W4USE_TYPE@@M@Z 10016ad0 f   effects.obj
 0001:00015b00       _env_blood                 10016b00 f   effects.obj
 0001:00015b10       ?Spawn@CBlood@@UAEXXZ      10016b10 f   effects.obj
 0001:00015b50       ?KeyValue@CBlood@@UAEXPAUKeyValueData_s@@@Z 10016b50 f   effects.obj
 0001:00015c40       ?Direction@CBlood@@QAE?AVVector@@XZ 10016c40 f   effects.obj
 0001:00015ca0       ?BloodPosition@CBlood@@QAE?AVVector@@PAVCBaseEntity@@@Z 10016ca0 f   effects.obj
 0001:00015db0       ?Use@CBlood@@UAEXPAVCBaseEntity@@0W4USE_TYPE@@M@Z 10016db0 f   effects.obj
 0001:00015f50       _env_shake                 10016f50 f   effects.obj
 0001:00015f60       ?Spawn@CShake@@UAEXXZ      10016f60 f   effects.obj
 0001:00015fa0       ?KeyValue@CShake@@UAEXPAUKeyValueData_s@@@Z 10016fa0 f   effects.obj
 0001:00016120       ?Use@CShake@@UAEXPAVCBaseEntity@@0W4USE_TYPE@@M@Z 10017120 f   effects.obj
 0001:00016160       _env_fade                  10017160 f   effects.obj
 0001:00016170       ?Spawn@CFade@@UAEXXZ       10017170 f   effects.obj
 0001:000161a0       ?KeyValue@CFade@@UAEXPAUKeyValueData_s@@@Z 100171a0 f   effects.obj
 0001:00016270       ?Use@CFade@@UAEXPAVCBaseEntity@@0W4USE_TYPE@@M@Z 10017270 f   effects.obj
 0001:00016340       _env_message               10017340 f   effects.obj
 0001:00016350       ?Spawn@CMessage@@UAEXXZ    10017350 f   effects.obj
 0001:000163e0       ?Precache@CMessage@@UAEXXZ 100173e0 f   effects.obj
 0001:00016410       ?KeyValue@CMessage@@UAEXPAUKeyValueData_s@@@Z 10017410 f   effects.obj
 0001:00016540       ?Use@CMessage@@UAEXPAVCBaseEntity@@0W4USE_TYPE@@M@Z 10017540 f   effects.obj
 0001:00016640       ?Precache@CEnvFunnel@@UAEXXZ 10017640 f   effects.obj
 0001:00016660       _env_funnel                10017660 f   effects.obj
 0001:00016670       ?Use@CEnvFunnel@@UAEXPAVCBaseEntity@@0W4USE_TYPE@@M@Z 10017670 f   effects.obj
 0001:00016700       ?Spawn@CEnvFunnel@@UAEXXZ  10017700 f   effects.obj
 0001:00016730       ?Precache@CEnvBeverage@@UAEXXZ 10017730 f   effects.obj
 0001:00016750       _env_beverage              10017750 f   effects.obj
 0001:00016760       ?Use@CEnvBeverage@@UAEXPAVCBaseEntity@@0W4USE_TYPE@@M@Z 10017760 f   effects.obj
 0001:00016810       ?Spawn@CEnvBeverage@@UAEXXZ 10017810 f   effects.obj
 0001:00016860       ?Precache@CItemSoda@@UAEXXZ 10017860 f   effects.obj
 0001:00016870       _item_sodacan              10017870 f   effects.obj
 0001:00016880       ?Spawn@CItemSoda@@UAEXXZ   10017880 f   effects.obj
 0001:00016930       ?CanThink@CItemSoda@@QAEXXZ 10017930 f   effects.obj
 0001:000169c0       ?CanTouch@CItemSoda@@QAEXPAVCBaseEntity@@@Z 100179c0 f   effects.obj
 0001:00016a50       ?GetClassPtr@@YAPAVCPointEntity@@PAV1@@Z 10017a50 f i effects.obj
 0001:00016aa0       ?GetClassPtr@@YAPAVCBubbling@@PAV1@@Z 10017aa0 f i effects.obj
 0001:00016af0       ?ObjectCaps@CBubbling@@UAEHXZ 10017af0 f i effects.obj
 0001:00016b00       ?GetClassPtr@@YAPAVCBeam@@PAV1@@Z 10017b00 f i effects.obj
 0001:00016b50       ?ObjectCaps@CBeam@@UAEHXZ  10017b50 f i effects.obj
 0001:00016b70       ?Center@CBeam@@UAE?AVVector@@XZ 10017b70 f i effects.obj
 0001:00016be0       ?GetClassPtr@@YAPAVCLightning@@PAV1@@Z 10017be0 f i effects.obj
 0001:00016c30       ?GetClassPtr@@YAPAVCLaser@@PAV1@@Z 10017c30 f i effects.obj
 0001:00016c80       ?GetClassPtr@@YAPAVCGlow@@PAV1@@Z 10017c80 f i effects.obj
 0001:00016cd0       ?GetClassPtr@@YAPAVCSprite@@PAV1@@Z 10017cd0 f i effects.obj
 0001:00016d20       ?ObjectCaps@CSprite@@UAEHXZ 10017d20 f i effects.obj
 0001:00016d40       ?GetClassPtr@@YAPAVCGibShooter@@PAV1@@Z 10017d40 f i effects.obj
 0001:00016d90       ?GetClassPtr@@YAPAVCEnvShooter@@PAV1@@Z 10017d90 f i effects.obj
 0001:00016de0       ?GetClassPtr@@YAPAVCTestEffect@@PAV1@@Z 10017de0 f i effects.obj
 0001:00016e30       ?GetClassPtr@@YAPAVCBlood@@PAV1@@Z 10017e30 f i effects.obj
 0001:00016e80       ?GetClassPtr@@YAPAVCShake@@PAV1@@Z 10017e80 f i effects.obj
 0001:00016ed0       ?GetClassPtr@@YAPAVCFade@@PAV1@@Z 10017ed0 f i effects.obj
 0001:00016f20       ?GetClassPtr@@YAPAVCMessage@@PAV1@@Z 10017f20 f i effects.obj
 0001:00016f70       ?GetClassPtr@@YAPAVCEnvFunnel@@PAV1@@Z 10017f70 f i effects.obj
 0001:00016fc0       ?GetClassPtr@@YAPAVCEnvBeverage@@PAV1@@Z 10017fc0 f i effects.obj
 0001:00017010       ?GetClassPtr@@YAPAVCItemSoda@@PAV1@@Z 10018010 f i effects.obj
 0001:00017060       _weapon_egon               10018060 f   egon.obj
 0001:00017070       ?Spawn@CEgon@@UAEXXZ       10018070 f   egon.obj
 0001:000170b0       ?Precache@CEgon@@UAEXXZ    100180b0 f   egon.obj
 0001:00017160       ?Deploy@CEgon@@UAEHXZ      10018160 f   egon.obj
 0001:00017190       ?AddToPlayer@CEgon@@UAEHPAVCBasePlayer@@@Z 10018190 f   egon.obj
 0001:000171f0       ?Holster@CEgon@@UAEXH@Z    100181f0 f   egon.obj
 0001:00017230       ?GetItemInfo@CEgon@@UAEHPAUItemInfo@@@Z 10018230 f   egon.obj
 0001:000172a0       ?GetPulseInterval@CEgon@@QAEMXZ 100182a0 f   egon.obj
 0001:000172b0       ?GetDischargeInterval@CEgon@@QAEMXZ 100182b0 f   egon.obj
 0001:000172c0       ?HasAmmo@CEgon@@QAEHXZ     100182c0 f   egon.obj
 0001:000172d0       ?UseAmmo@CEgon@@QAEXH@Z    100182d0 f   egon.obj
 0001:00017300       ?Attack@CEgon@@QAEXXZ      10018300 f   egon.obj
 0001:00017560       ?PrimaryAttack@CEgon@@UAEXXZ 10018560 f   egon.obj
 0001:00017570       ?Fire@CEgon@@QAEXABVVector@@0@Z 10018570 f   egon.obj
 0001:00017a60       ?UpdateEffect@CEgon@@QAEXABVVector@@0M@Z 10018a60 f   egon.obj
 0001:00017c90       ?CreateEffect@CEgon@@QAEXXZ 10018c90 f   egon.obj
 0001:00017fb0       ?DestroyEffect@CEgon@@QAEXXZ 10018fb0 f   egon.obj
 0001:00018030       ?WeaponIdle@CEgon@@UAEXXZ  10019030 f   egon.obj
 0001:000180f0       ?EndAttack@CEgon@@QAEXXZ   100190f0 f   egon.obj
 0001:00018180       _ammo_egonclip             10019180 f   egon.obj
 0001:00018190       ?GetClassPtr@@YAPAVCEgon@@PAV1@@Z 10019190 f i egon.obj
 0001:000181e0       ?GetClassPtr@@YAPAVCEgonAmmo@@PAV1@@Z 100191e0 f i egon.obj
 0001:00018230       ?Spawn@CEgonAmmo@@EAEXXZ   10019230 f i egon.obj
 0001:00018260       ?Precache@CEgonAmmo@@EAEXXZ 10019260 f i egon.obj
 0001:00018280       ?AddAmmo@CEgonAmmo@@EAEHPAVCBaseEntity@@@Z 10019280 f i egon.obj
 0001:000182d0       ?iItemSlot@CEgon@@UAEHXZ   100192d0 f i egon.obj
 0001:000182e0       ?UseDecrement@CEgon@@UAEHXZ 100192e0 f i egon.obj
 0001:000182f0       _spark_shower              100192f0 f   explode.obj
 0001:00018300       ?Spawn@CShower@@EAEXXZ     10019300 f   explode.obj
 0001:00018480       ?Think@CShower@@EAEXXZ     10019480 f   explode.obj
 0001:00018510       ?Touch@CShower@@EAEXPAVCBaseEntity@@@Z 10019510 f   explode.obj
 0001:000185f0       ?Save@CEnvExplosion@@UAEHAAVCSave@@@Z 100195f0 f   explode.obj
 0001:00018620       ?Restore@CEnvExplosion@@UAEHAAVCRestore@@@Z 10019620 f   explode.obj
 0001:00018650       _env_explosion             10019650 f   explode.obj
 0001:00018660       ?KeyValue@CEnvExplosion@@UAEXPAUKeyValueData_s@@@Z 10019660 f   explode.obj
 0001:000186e0       ?Spawn@CEnvExplosion@@UAEXXZ 100196e0 f   explode.obj
 0001:00018740       ?Use@CEnvExplosion@@UAEXPAVCBaseEntity@@0W4USE_TYPE@@M@Z 10019740 f   explode.obj
 0001:00018a40       ?Smoke@CEnvExplosion@@QAEXXZ 10019a40 f   explode.obj
 0001:00018ae0       ?ExplosionCreate@@YAXABVVector@@0PAUedict_s@@HH@Z 10019ae0 f   explode.obj
 0001:00018b80       ?GetClassPtr@@YAPAVCShower@@PAV1@@Z 10019b80 f i explode.obj
 0001:00018bd0       ?ObjectCaps@CShower@@EAEHXZ 10019bd0 f i explode.obj
 0001:00018be0       ?GetClassPtr@@YAPAVCEnvExplosion@@PAV1@@Z 10019be0 f i explode.obj
 0001:00018c30       ?KeyValue@CBreakable@@UAEXPAUKeyValueData_s@@@Z 10019c30 f   func_break.obj
 0001:00018f50       _func_breakable            10019f50 f   func_break.obj
 0001:00018f60       ?Save@CBreakable@@UAEHAAVCSave@@@Z 10019f60 f   func_break.obj
 0001:00018f90       ?Restore@CBreakable@@UAEHAAVCRestore@@@Z 10019f90 f   func_break.obj
 0001:00018fc0       ?Spawn@CBreakable@@UAEXXZ  10019fc0 f   func_break.obj
 0001:00019090       ?MaterialSoundList@CBreakable@@SAPAPBDW4Materials@@AAH@Z 1001a090 f   func_break.obj
 0001:00019130       ?MaterialSoundPrecache@CBreakable@@SAXW4Materials@@@Z 1001a130 f   func_break.obj
 0001:00019180       ?MaterialSoundRandom@CBreakable@@SAXPAUedict_s@@W4Materials@@M@Z 1001a180 f   func_break.obj
 0001:000191e0       ?Precache@CBreakable@@UAEXXZ 1001a1e0 f   func_break.obj
 0001:00019370       ?DamageSound@CBreakable@@QAEXXZ 1001a370 f   func_break.obj
 0001:00019510       ?BreakTouch@CBreakable@@QAEXPAVCBaseEntity@@@Z 1001a510 f   func_break.obj
 0001:00019620       ?Use@CBreakable@@UAEXPAVCBaseEntity@@0W4USE_TYPE@@M@Z 1001a620 f   func_break.obj
 0001:00019670       ?TraceAttack@CBreakable@@UAEXPAUentvars_s@@MVVector@@PAUTraceResult@@H@Z 1001a670 f   func_break.obj
 0001:00019760       ?TakeDamage@CBreakable@@UAEHPAUentvars_s@@0MH@Z 1001a760 f   func_break.obj
 0001:000199d0       ?Die@CBreakable@@QAEXXZ    1001a9d0 f   func_break.obj
 0001:00019f80       ?IsBreakable@CBreakable@@QAEHXZ 1001af80 f   func_break.obj
 0001:00019f90       ?DamageDecal@CBreakable@@UAEHH@Z 1001af90 f   func_break.obj
 0001:00019fd0       ?Save@CPushable@@UAEHAAVCSave@@@Z 1001afd0 f   func_break.obj
 0001:0001a000       ?Restore@CPushable@@UAEHAAVCRestore@@@Z 1001b000 f   func_break.obj
 0001:0001a030       _func_pushable             1001b030 f   func_break.obj
 0001:0001a040       ?Spawn@CPushable@@UAEXXZ   1001b040 f   func_break.obj
 0001:0001a150       ?Precache@CPushable@@UAEXXZ 1001b150 f   func_break.obj
 0001:0001a190       ?KeyValue@CPushable@@UAEXPAUKeyValueData_s@@@Z 1001b190 f   func_break.obj
 0001:0001a3c0       ?Use@CPushable@@UAEXPAVCBaseEntity@@0W4USE_TYPE@@M@Z 1001b3c0 f   func_break.obj
 0001:0001a450       ?Touch@CPushable@@UAEXPAVCBaseEntity@@@Z 1001b450 f   func_break.obj
 0001:0001a4c0       ?Move@CPushable@@QAEXPAVCBaseEntity@@H@Z 1001b4c0 f   func_break.obj
 0001:0001a6a0       ?TakeDamage@CPushable@@UAEHPAUentvars_s@@0MH@Z 1001b6a0 f   func_break.obj
 0001:0001a6d0       ?GetClassPtr@@YAPAVCBreakable@@PAV1@@Z 1001b6d0 f i func_break.obj
 0001:0001a720       ?GetClassPtr@@YAPAVCPushable@@PAV1@@Z 1001b720 f i func_break.obj
 0001:0001a770       ?ObjectCaps@CPushable@@UAEHXZ 1001b770 f i func_break.obj
 0001:0001a780       ?ObjectCaps@CBreakable@@UAEHXZ 1001b780 f i func_break.obj
 0001:0001a790       ?Save@CFuncTank@@UAEHAAVCSave@@@Z 1001b790 f   func_tank.obj
 0001:0001a7c0       ?Restore@CFuncTank@@UAEHAAVCRestore@@@Z 1001b7c0 f   func_tank.obj
 0001:0001a8a0       ?Spawn@CFuncTank@@UAEXXZ   1001b8a0 f   func_tank.obj
 0001:0001ab10       ?Precache@CFuncTank@@UAEXXZ 1001bb10 f   func_tank.obj
 0001:0001ab80       ?KeyValue@CFuncTank@@UAEXPAUKeyValueData_s@@@Z 1001bb80 f   func_tank.obj
 0001:0001b280       ?OnControls@CFuncTank@@UAEHPAUentvars_s@@@Z 1001c280 f   func_tank.obj
 0001:0001b2e0       ?StartControl@CFuncTank@@QAEHPAVCBasePlayer@@@Z 1001c2e0 f   func_tank.obj
 0001:0001b3b0       ?StopControl@CFuncTank@@QAEXXZ 1001c3b0 f   func_tank.obj
 0001:0001b430       ?ControllerPostFrame@CFuncTank@@QAEXXZ 1001c430 f   func_tank.obj
 0001:0001b680       ?Use@CFuncTank@@UAEXPAVCBaseEntity@@0W4USE_TYPE@@M@Z 1001c680 f   func_tank.obj
 0001:0001b770       ?FindTarget@CFuncTank@@QAEPAUedict_s@@PAU2@@Z 1001c770 f   func_tank.obj
 0001:0001b780       ?InRange@CFuncTank@@QAEHM@Z 1001c780 f   func_tank.obj
 0001:0001b7d0       ?Think@CFuncTank@@UAEXXZ   1001c7d0 f   func_tank.obj
 0001:0001b840       ?TrackTarget@CFuncTank@@QAEXXZ 1001c840 f   func_tank.obj
 0001:0001c080       ?AdjustAnglesForBarrel@CFuncTank@@QAEXAAVVector@@M@Z 1001d080 f   func_tank.obj
 0001:0001c130       ?Fire@CFuncTank@@UAEXABVVector@@0PAUentvars_s@@@Z 1001d130 f   func_tank.obj
 0001:0001c370       ?TankTrace@CFuncTank@@QAEXABVVector@@00AAUTraceResult@@@Z 1001d370 f   func_tank.obj
 0001:0001c590       ?StartRotSound@CFuncTank@@QAEXXZ 1001d590 f   func_tank.obj
 0001:0001c5f0       ?StopRotSound@CFuncTank@@QAEXXZ 1001d5f0 f   func_tank.obj
 0001:0001c650       _func_tank                 1001d650 f   func_tank.obj
 0001:0001c660       ?Fire@CFuncTankGun@@UAEXABVVector@@0PAUentvars_s@@@Z 1001d660 f   func_tank.obj
 0001:0001c790       _func_tanklaser            1001d790 f   func_tank.obj
 0001:0001c7a0       ?Save@CFuncTankLaser@@UAEHAAVCSave@@@Z 1001d7a0 f   func_tank.obj
 0001:0001c7d0       ?Restore@CFuncTankLaser@@UAEHAAVCRestore@@@Z 1001d7d0 f   func_tank.obj
 0001:0001c800       ?Activate@CFuncTankLaser@@UAEXXZ 1001d800 f   func_tank.obj
 0001:0001c840       ?KeyValue@CFuncTankLaser@@UAEXPAUKeyValueData_s@@@Z 1001d840 f   func_tank.obj
 0001:0001c8c0       ?GetLaser@CFuncTankLaser@@QAEPAVCLaser@@XZ 1001d8c0 f   func_tank.obj
 0001:0001c9b0       ?Think@CFuncTankLaser@@UAEXXZ 1001d9b0 f   func_tank.obj
 0001:0001c9e0       ?Fire@CFuncTankLaser@@UAEXABVVector@@0PAUentvars_s@@@Z 1001d9e0 f   func_tank.obj
 0001:0001cb20       _func_tankrocket           1001db20 f   func_tank.obj
 0001:0001cb30       ?Precache@CFuncTankRocket@@UAEXXZ 1001db30 f   func_tank.obj
 0001:0001cb50       ?Fire@CFuncTankRocket@@UAEXABVVector@@0PAUentvars_s@@@Z 1001db50 f   func_tank.obj
 0001:0001cbe0       _func_tankmortar           1001dbe0 f   func_tank.obj
 0001:0001cbf0       ?KeyValue@CFuncTankMortar@@UAEXPAUKeyValueData_s@@@Z 1001dbf0 f   func_tank.obj
 0001:0001cc70       ?Fire@CFuncTankMortar@@UAEXABVVector@@0PAUentvars_s@@@Z 1001dc70 f   func_tank.obj
 0001:0001cd40       _func_tankcontrols         1001dd40 f   func_tank.obj
 0001:0001cd50       ?Save@CFuncTankControls@@UAEHAAVCSave@@@Z 1001dd50 f   func_tank.obj
 0001:0001cd80       ?Restore@CFuncTankControls@@UAEHAAVCRestore@@@Z 1001dd80 f   func_tank.obj
 0001:0001cdb0       ?ObjectCaps@CFuncTankControls@@UAEHXZ 1001ddb0 f   func_tank.obj
 0001:0001cdc0       ?Use@CFuncTankControls@@UAEXPAVCBaseEntity@@0W4USE_TYPE@@M@Z 1001ddc0 f   func_tank.obj
 0001:0001cdf0       ?Think@CFuncTankControls@@UAEXXZ 1001ddf0 f   func_tank.obj
 0001:0001cea0       ?Spawn@CFuncTankControls@@UAEXXZ 1001dea0 f   func_tank.obj
 0001:0001cf40       ?GetClassPtr@@YAPAVCFuncTankGun@@PAV1@@Z 1001df40 f i func_tank.obj
 0001:0001cf90       ?UpdateTargetPosition@CFuncTank@@UAE?AVVector@@PAVCBaseEntity@@@Z 1001df90 f i func_tank.obj
 0001:0001cfd0       ?ObjectCaps@CFuncTank@@UAEHXZ 1001dfd0 f i func_tank.obj
 0001:0001cfe0       ?GetClassPtr@@YAPAVCFuncTankLaser@@PAV1@@Z 1001dfe0 f i func_tank.obj
 0001:0001d030       ?GetClassPtr@@YAPAVCFuncTankRocket@@PAV1@@Z 1001e030 f i func_tank.obj
 0001:0001d080       ?GetClassPtr@@YAPAVCFuncTankMortar@@PAV1@@Z 1001e080 f i func_tank.obj
 0001:0001d0d0       ?GetClassPtr@@YAPAVCFuncTankControls@@PAV1@@Z 1001e0d0 f i func_tank.obj
 0001:0001d120       ?GameDLLInit@@YAXXZ        1001e120 f   game.obj
 0001:0001dd10       ?CanHaveAmmo@CGameRules@@UAEHPAVCBasePlayer@@PBDH@Z 1001ed10 f   gamerules.obj
 0001:0001dd50       ?GetPlayerSpawnSpot@CGameRules@@UAEPAUedict_s@@PAVCBasePlayer@@@Z 1001ed50 f   gamerules.obj
 0001:0001de60       ?CanHavePlayerItem@CGameRules@@UAEHPAVCBasePlayer@@PAVCBasePlayerItem@@@Z 1001ee60 f   gamerules.obj
 0001:0001ded0       ?RefreshSkillData@CGameRules@@UAEXXZ 1001eed0 f   gamerules.obj
 0001:0001e460       ?InstallGameRules@@YAPAVCGameRules@@XZ 1001f460 f   gamerules.obj
 0001:0001e5c0       _weapon_gauss              1001f5c0 f   gauss.obj
 0001:0001e5d0       ?GetFullChargeTime@CGauss@@QAEMXZ 1001f5d0 f   gauss.obj
 0001:0001e5f0       ?Spawn@CGauss@@UAEXXZ      1001f5f0 f   gauss.obj
 0001:0001e630       ?Precache@CGauss@@UAEXXZ   1001f630 f   gauss.obj
 0001:0001e700       ?AddToPlayer@CGauss@@UAEHPAVCBasePlayer@@@Z 1001f700 f   gauss.obj
 0001:0001e760       ?GetItemInfo@CGauss@@UAEHPAUItemInfo@@@Z 1001f760 f   gauss.obj
 0001:0001e7d0       ?Deploy@CGauss@@UAEHXZ     1001f7d0 f   gauss.obj
 0001:0001e800       ?Holster@CGauss@@UAEXH@Z   1001f800 f   gauss.obj
 0001:0001e870       ?PrimaryAttack@CGauss@@UAEXXZ 1001f870 f   gauss.obj
 0001:0001e940       ?SecondaryAttack@CGauss@@UAEXXZ 1001f940 f   gauss.obj
 0001:0001ee00       ?StartFire@CGauss@@QAEXXZ  1001fe00 f   gauss.obj
 0001:0001f030       ?Fire@CGauss@@QAEXVVector@@0M@Z 10020030 f   gauss.obj
 0001:0001f920       ?WeaponIdle@CGauss@@UAEXXZ 10020920 f   gauss.obj
 0001:0001fb20       _ammo_gaussclip            10020b20 f   gauss.obj
 0001:0001fb30       ?GetClassPtr@@YAPAVCGauss@@PAV1@@Z 10020b30 f i gauss.obj
 0001:0001fb80       ?GetClassPtr@@YAPAVCGaussAmmo@@PAV1@@Z 10020b80 f i gauss.obj
 0001:0001fbd0       ?Spawn@CGaussAmmo@@EAEXXZ  10020bd0 f i gauss.obj
 0001:0001fc00       ?Precache@CGaussAmmo@@EAEXXZ 10020c00 f i gauss.obj
 0001:0001fc20       ?AddAmmo@CGaussAmmo@@EAEHPAVCBaseEntity@@@Z 10020c20 f i gauss.obj
 0001:0001fc70       ?iItemSlot@CGauss@@UAEHXZ  10020c70 f i gauss.obj
 0001:0001fc80       ?UseDecrement@CGauss@@UAEHXZ 10020c80 f i gauss.obj
 0001:0001fc90       _grenade                   10020c90 f   ggrenade.obj
 0001:0001fca0       ?Explode@CGrenade@@QAEXVVector@@0@Z 10020ca0 f   ggrenade.obj
 0001:0001fd10       ?Explode@CGrenade@@QAEXPAUTraceResult@@H@Z 10020d10 f   ggrenade.obj
 0001:00020020       ?Smoke@CGrenade@@QAEXXZ    10021020 f   ggrenade.obj
 0001:00020150       ?Killed@CGrenade@@UAEXPAUentvars_s@@H@Z 10021150 f   ggrenade.obj
 0001:00020160       ?DetonateUse@CGrenade@@QAEXPAVCBaseEntity@@0W4USE_TYPE@@M@Z 10021160 f   ggrenade.obj
 0001:00020180       ?PreDetonate@CGrenade@@QAEXXZ 10021180 f   ggrenade.obj
 0001:000201c0       ?Detonate@CGrenade@@QAEXXZ 100211c0 f   ggrenade.obj
 0001:00020270       ?ExplodeTouch@CGrenade@@QAEXPAVCBaseEntity@@@Z 10021270 f   ggrenade.obj
 0001:000204c0       ?DangerSoundThink@CGrenade@@QAEXXZ 100214c0 f   ggrenade.obj
 0001:000205f0       ?BounceTouch@CGrenade@@QAEXPAVCBaseEntity@@@Z 100215f0 f   ggrenade.obj
 0001:000208e0       ?SlideTouch@CGrenade@@QAEXPAVCBaseEntity@@@Z 100218e0 f   ggrenade.obj
 0001:00020970       ?BounceSound@CGrenade@@UAEXXZ 10021970 f   ggrenade.obj
 0001:00020a10       ?TumbleThink@CGrenade@@QAEXXZ 10021a10 f   ggrenade.obj
 0001:00020b60       ?Spawn@CGrenade@@UAEXXZ    10021b60 f   ggrenade.obj
 0001:00020c10       ?ShootContact@CGrenade@@SAPAV1@PAUentvars_s@@VVector@@1@Z 10021c10 f   ggrenade.obj
 0001:00020ce0       ?ShootTimed@CGrenade@@SAPAV1@PAUentvars_s@@VVector@@1M@Z 10021ce0 f   ggrenade.obj
 0001:00020e50       ?ShootSatchelCharge@CGrenade@@SAPAV1@PAUentvars_s@@VVector@@1@Z 10021e50 f   ggrenade.obj
 0001:00020f90       ?UseSatchelCharges@CGrenade@@SAXPAUentvars_s@@W4SATCHELCODE@1@@Z 10021f90 f   ggrenade.obj
 0001:00021050       ?GetClassPtr@@YAPAVCGrenade@@PAV1@@Z 10022050 f i ggrenade.obj
 0001:000210a0       ?BloodColor@CGrenade@@UAEHXZ 100220a0 f i ggrenade.obj
 0001:00021100       ?FBoxVisible@@YAHPAUentvars_s@@0AAVVector@@M@Z 10022100 f   h_ai.obj
 0001:00021280       ?VecCheckToss@@YA?AVVector@@PAUentvars_s@@ABV1@V1@M@Z 10022280 f   h_ai.obj
 0001:000217e0       ?VecCheckThrow@@YA?AVVector@@PAUentvars_s@@ABV1@V1@MM@Z 100227e0 f   h_ai.obj
 0001:00021a60       ?Save@CRecharge@@UAEHAAVCSave@@@Z 10022a60 f   h_battery.obj
 0001:00021a90       ?Restore@CRecharge@@UAEHAAVCRestore@@@Z 10022a90 f   h_battery.obj
 0001:00021ac0       _func_recharge             10022ac0 f   h_battery.obj
 0001:00021ad0       ?KeyValue@CRecharge@@UAEXPAUKeyValueData_s@@@Z 10022ad0 f   h_battery.obj
 0001:00021c50       ?Spawn@CRecharge@@UAEXXZ   10022c50 f   h_battery.obj
 0001:00021ce0       ?Precache@CRecharge@@UAEXXZ 10022ce0 f   h_battery.obj
 0001:00021d10       ?Use@CRecharge@@UAEXPAVCBaseEntity@@0W4USE_TYPE@@M@Z 10022d10 f   h_battery.obj
 0001:00021f90       ?Recharge@CRecharge@@QAEXXZ 10022f90 f   h_battery.obj
 0001:00021fc0       ?Off@CRecharge@@QAEXXZ     10022fc0 f   h_battery.obj
 0001:00022050       ?GetClassPtr@@YAPAVCRecharge@@PAV1@@Z 10023050 f i h_battery.obj
 0001:000220a0       ?ObjectCaps@CRecharge@@UAEHXZ 100230a0 f i h_battery.obj
 0001:000220b0       ?Save@CCycler@@UAEHAAVCSave@@@Z 100230b0 f   h_cycler.obj
 0001:000220e0       ?Restore@CCycler@@UAEHAAVCRestore@@@Z 100230e0 f   h_cycler.obj
 0001:00022110       _cycler                    10023110 f   h_cycler.obj
 0001:00022120       _cycler_prdroid            10023120 f   h_cycler.obj
 0001:00022130       ?Spawn@CCyclerProbe@@UAEXXZ 10023130 f   h_cycler.obj
 0001:000221e0       ?GenericCyclerSpawn@CCycler@@QAEXPADVVector@@1@Z 100231e0 f   h_cycler.obj
 0001:00022290       ?Spawn@CCycler@@UAEXXZ     10023290 f   h_cycler.obj
 0001:00022360       ?Think@CCycler@@UAEXXZ     10023360 f   h_cycler.obj
 0001:000223f0       ?Use@CCycler@@UAEXPAVCBaseEntity@@0W4USE_TYPE@@M@Z 100233f0 f   h_cycler.obj
 0001:00022430       ?TakeDamage@CCycler@@UAEHPAUentvars_s@@0MH@Z 10023430 f   h_cycler.obj
 0001:000224e0       _cycler_sprite             100234e0 f   h_cycler.obj
 0001:000224f0       ?Save@CCyclerSprite@@UAEHAAVCSave@@@Z 100234f0 f   h_cycler.obj
 0001:00022520       ?Restore@CCyclerSprite@@UAEHAAVCRestore@@@Z 10023520 f   h_cycler.obj
 0001:00022550       ?Spawn@CCyclerSprite@@UAEXXZ 10023550 f   h_cycler.obj
 0001:00022620       ?Think@CCyclerSprite@@UAEXXZ 10023620 f   h_cycler.obj
 0001:00022680       ?Use@CCyclerSprite@@UAEXPAVCBaseEntity@@0W4USE_TYPE@@M@Z 10023680 f   h_cycler.obj
 0001:000226c0       ?TakeDamage@CCyclerSprite@@UAEHPAUentvars_s@@0MH@Z 100236c0 f   h_cycler.obj
 0001:000226f0       ?Animate@CCyclerSprite@@QAEXM@Z 100236f0 f   h_cycler.obj
 0001:00022730       _cycler_weapon             10023730 f   h_cycler.obj
 0001:00022740       ?Spawn@CWeaponCycler@@UAEXXZ 10023740 f   h_cycler.obj
 0001:00022820       ?Deploy@CWeaponCycler@@UAEHXZ 10023820 f   h_cycler.obj
 0001:00022870       ?Holster@CWeaponCycler@@UAEXH@Z 10023870 f   h_cycler.obj
 0001:00022890       ?PrimaryAttack@CWeaponCycler@@UAEXXZ 10023890 f   h_cycler.obj
 0001:000228c0       ?SecondaryAttack@CWeaponCycler@@UAEXXZ 100238c0 f   h_cycler.obj
 0001:00022970       ?Save@CWreckage@@EAEHAAVCSave@@@Z 10023970 f   h_cycler.obj
 0001:000229a0       ?Restore@CWreckage@@EAEHAAVCRestore@@@Z 100239a0 f   h_cycler.obj
 0001:000229d0       _cycler_wreckage           100239d0 f   h_cycler.obj
 0001:000229e0       ?Spawn@CWreckage@@EAEXXZ   100239e0 f   h_cycler.obj
 0001:00022a90       ?Precache@CWreckage@@EAEXXZ 10023a90 f   h_cycler.obj
 0001:00022ac0       ?Think@CWreckage@@EAEXXZ   10023ac0 f   h_cycler.obj
 0001:00022c30       ?GetClassPtr@@YAPAVCGenericCycler@@PAV1@@Z 10023c30 f i h_cycler.obj
 0001:00022c80       ?ObjectCaps@CCycler@@UAEHXZ 10023c80 f i h_cycler.obj
 0001:00022c90       ?IsAlive@CCycler@@UAEHXZ   10023c90 f i h_cycler.obj
 0001:00022ca0       ?Spawn@CGenericCycler@@UAEXXZ 10023ca0 f i h_cycler.obj
 0001:00022d20       ?GetClassPtr@@YAPAVCCyclerProbe@@PAV1@@Z 10023d20 f i h_cycler.obj
 0001:00022d70       ?GetClassPtr@@YAPAVCCyclerSprite@@PAV1@@Z 10023d70 f i h_cycler.obj
 0001:00022dc0       ?ObjectCaps@CCyclerSprite@@UAEHXZ 10023dc0 f i h_cycler.obj
 0001:00022dd0       ?GetClassPtr@@YAPAVCWeaponCycler@@PAV1@@Z 10023dd0 f i h_cycler.obj
 0001:00022e20       ?UseDecrement@CBasePlayerWeapon@@UAEHXZ 10023e20 f i h_cycler.obj
 0001:00022e30       ?iItemSlot@CWeaponCycler@@UAEHXZ 10023e30 f i h_cycler.obj
 0001:00022e40       ?GetItemInfo@CWeaponCycler@@UAEHPAUItemInfo@@@Z 10023e40 f i h_cycler.obj
 0001:00022e50       ?GetClassPtr@@YAPAVCWreckage@@PAV1@@Z 10023e50 f i h_cycler.obj
 0001:00022ea0       _DllMain@12                10023ea0 f   h_export.obj
 0001:00022eb0       ?GiveFnptrsToDll@@YGXPAUenginefuncs_s@@PAUglobalvars_t@@@Z 10023eb0 f   h_export.obj
 0001:00022ed0       _weapon_handgrenade        10023ed0 f   handgrenade.obj
 0001:00022ee0       ?Spawn@CHandGrenade@@UAEXXZ 10023ee0 f   handgrenade.obj
 0001:00022f30       ?Precache@CHandGrenade@@UAEXXZ 10023f30 f   handgrenade.obj
 0001:00022f60       ?GetItemInfo@CHandGrenade@@UAEHPAUItemInfo@@@Z 10023f60 f   handgrenade.obj
 0001:00022fd0       ?Deploy@CHandGrenade@@UAEHXZ 10023fd0 f   handgrenade.obj
 0001:00023000       ?CanHolster@CHandGrenade@@UAEHXZ 10024000 f   handgrenade.obj
 0001:00023020       ?Holster@CHandGrenade@@UAEXH@Z 10024020 f   handgrenade.obj
 0001:000230c0       ?PrimaryAttack@CHandGrenade@@UAEXXZ 100240c0 f   handgrenade.obj
 0001:00023120       ?WeaponIdle@CHandGrenade@@UAEXXZ 10024120 f   handgrenade.obj
 0001:00023510       ?GetClassPtr@@YAPAVCHandGrenade@@PAV1@@Z 10024510 f i handgrenade.obj
 0001:00023560       ?iItemSlot@CHandGrenade@@UAEHXZ 10024560 f i handgrenade.obj
 0001:00023570       ?UseDecrement@CHandGrenade@@UAEHXZ 10024570 f i handgrenade.obj
 0001:00023580       _item_healthkit            10024580 f   healthkit.obj
 0001:00023590       ?Spawn@CHealthKit@@EAEXXZ  10024590 f   healthkit.obj
 0001:000235c0       ?Precache@CHealthKit@@EAEXXZ 100245c0 f   healthkit.obj
 0001:000235e0       ?MyTouch@CHealthKit@@EAEHPAVCBasePlayer@@@Z 100245e0 f   healthkit.obj
 0001:000236c0       ?Save@CWallHealth@@UAEHAAVCSave@@@Z 100246c0 f   healthkit.obj
 0001:000236f0       ?Restore@CWallHealth@@UAEHAAVCRestore@@@Z 100246f0 f   healthkit.obj
 0001:00023720       _func_healthcharger        10024720 f   healthkit.obj
 0001:00023730       ?KeyValue@CWallHealth@@UAEXPAUKeyValueData_s@@@Z 10024730 f   healthkit.obj
 0001:000238b0       ?Spawn@CWallHealth@@UAEXXZ 100248b0 f   healthkit.obj
 0001:00023940       ?Precache@CWallHealth@@UAEXXZ 10024940 f   healthkit.obj
 0001:00023970       ?Use@CWallHealth@@UAEXPAVCBaseEntity@@0W4USE_TYPE@@M@Z 10024970 f   healthkit.obj
 0001:00023b30       ?Recharge@CWallHealth@@QAEXXZ 10024b30 f   healthkit.obj
 0001:00023b90       ?Off@CWallHealth@@QAEXXZ   10024b90 f   healthkit.obj
 0001:00023c20       ?GetClassPtr@@YAPAVCHealthKit@@PAV1@@Z 10024c20 f i healthkit.obj
 0001:00023c70       ?GetClassPtr@@YAPAVCWallHealth@@PAV1@@Z 10024c70 f i healthkit.obj
 0001:00023cc0       ?ObjectCaps@CWallHealth@@UAEHXZ 10024cc0 f i healthkit.obj
 0001:00023cd0       _weapon_glock              10024cd0 f   hl_wpn_glock.obj
 0001:00023ce0       _weapon_9mmhandgun         10024ce0 f   hl_wpn_glock.obj
 0001:00023cf0       ?Spawn@CGlock@@UAEXXZ      10024cf0 f   hl_wpn_glock.obj
 0001:00023d50       ?Precache@CGlock@@UAEXXZ   10024d50 f   hl_wpn_glock.obj
 0001:00023df0       ?GetItemInfo@CGlock@@UAEHPAUItemInfo@@@Z 10024df0 f   hl_wpn_glock.obj
 0001:00023e60       ?Deploy@CGlock@@UAEHXZ     10024e60 f   hl_wpn_glock.obj
 0001:00023e80       ?SecondaryAttack@CGlock@@UAEXXZ 10024e80 f   hl_wpn_glock.obj
 0001:00023ea0       ?PrimaryAttack@CGlock@@UAEXXZ 10024ea0 f   hl_wpn_glock.obj
 0001:00023ec0       ?GlockFire@CGlock@@QAEXMMH@Z 10024ec0 f   hl_wpn_glock.obj
 0001:00024120       ?Reload@CGlock@@UAEXXZ     10025120 f   hl_wpn_glock.obj
 0001:00024190       ?WeaponIdle@CGlock@@UAEXXZ 10025190 f   hl_wpn_glock.obj
 0001:00024260       _ammo_glockclip            10025260 f   hl_wpn_glock.obj
 0001:00024270       _ammo_9mmclip              10025270 f   hl_wpn_glock.obj
 0001:00024280       ?GetClassPtr@@YAPAVCGlock@@PAV1@@Z 10025280 f i hl_wpn_glock.obj
 0001:000242d0       ?iItemSlot@CGlock@@UAEHXZ  100252d0 f i hl_wpn_glock.obj
 0001:000242e0       ?UseDecrement@CGlock@@UAEHXZ 100252e0 f i hl_wpn_glock.obj
 0001:000242f0       ?GetClassPtr@@YAPAVCGlockAmmo@@PAV1@@Z 100252f0 f i hl_wpn_glock.obj
 0001:00024340       ?Spawn@CGlockAmmo@@EAEXXZ  10025340 f i hl_wpn_glock.obj
 0001:00024370       ?Precache@CGlockAmmo@@EAEXXZ 10025370 f i hl_wpn_glock.obj
 0001:00024390       ?AddAmmo@CGlockAmmo@@EAEHPAVCBaseEntity@@@Z 10025390 f i hl_wpn_glock.obj
 0001:000243f0       _hornet                    100253f0 f   hornet.obj
 0001:00024400       ?Save@CHornet@@UAEHAAVCSave@@@Z 10025400 f   hornet.obj
 0001:00024430       ?Restore@CHornet@@UAEHAAVCRestore@@@Z 10025430 f   hornet.obj
 0001:00024460       ?TakeDamage@CHornet@@UAEHPAUentvars_s@@0MH@Z 10025460 f   hornet.obj
 0001:00024490       ?Spawn@CHornet@@UAEXXZ     10025490 f   hornet.obj
 0001:00024630       ?Precache@CHornet@@UAEXXZ  10025630 f   hornet.obj
 0001:000246d0       ?IRelationship@CHornet@@UAEHPAVCBaseEntity@@@Z 100256d0 f   hornet.obj
 0001:00024700       ?Classify@CHornet@@UAEHXZ  10025700 f   hornet.obj
 0001:00024730       ?StartTrack@CHornet@@QAEXXZ 10025730 f   hornet.obj
 0001:00024760       ?StartDart@CHornet@@QAEXXZ 10025760 f   hornet.obj
 0001:00024790       ?IgniteTrail@CHornet@@QAEXXZ 10025790 f   hornet.obj
 0001:00024840       ?TrackTarget@CHornet@@QAEXXZ 10025840 f   hornet.obj
 0001:00025060       ?TrackTouch@CHornet@@QAEXPAVCBaseEntity@@@Z 10026060 f   hornet.obj
 0001:00025240       ?DartTouch@CHornet@@QAEXPAVCBaseEntity@@@Z 10026240 f   hornet.obj
 0001:00025250       ?DieTouch@CHornet@@QAEXPAVCBaseEntity@@@Z 10026250 f   hornet.obj
 0001:00025360       ?GetClassPtr@@YAPAVCHornet@@PAV1@@Z 10026360 f i hornet.obj
 0001:000253b0       _weapon_hornetgun          100263b0 f   hornetgun.obj
 0001:000253c0       ?IsUseable@CHgun@@UAEHXZ   100263c0 f   hornetgun.obj
 0001:000253d0       ?Spawn@CHgun@@UAEXXZ       100263d0 f   hornetgun.obj
 0001:00025420       ?Precache@CHgun@@UAEXXZ    10026420 f   hornetgun.obj
 0001:00025470       ?AddToPlayer@CHgun@@UAEHPAVCBasePlayer@@@Z 10026470 f   hornetgun.obj
 0001:000254f0       ?GetItemInfo@CHgun@@UAEHPAUItemInfo@@@Z 100264f0 f   hornetgun.obj
 0001:00025560       ?Deploy@CHgun@@UAEHXZ      10026560 f   hornetgun.obj
 0001:00025580       ?Holster@CHgun@@UAEXH@Z    10026580 f   hornetgun.obj
 0001:000255e0       ?PrimaryAttack@CHgun@@UAEXXZ 100265e0 f   hornetgun.obj
 0001:000258c0       ?SecondaryAttack@CHgun@@UAEXXZ 100268c0 f   hornetgun.obj
 0001:00026220       ?Reload@CHgun@@UAEXXZ      10027220 f   hornetgun.obj
 0001:00026280       ?WeaponIdle@CHgun@@UAEXXZ  10027280 f   hornetgun.obj
 0001:00026320       ?GetClassPtr@@YAPAVCHgun@@PAV1@@Z 10027320 f i hornetgun.obj
 0001:00026370       ?iItemSlot@CHgun@@UAEHXZ   10027370 f i hornetgun.obj
 0001:00026380       ?UseDecrement@CHgun@@UAEHXZ 10027380 f i hornetgun.obj
 0001:00026390       ??0InterfaceReg@@QAE@P6APAVIBaseInterface@@XZPBD@Z 10027390 f   interface.obj
 0001:000263b0       _CreateInterface           100273b0 f   interface.obj
 0001:00026430       ?Sys_LoadModule@@YAPAUHInterfaceModule_t@@PBD@Z 10027430 f   interface.obj
 0001:00026440       ?Sys_FreeModule@@YAXPAUHInterfaceModule_t@@@Z 10027440 f   interface.obj
 0001:00026450       ?Sys_GetFactoryThis@@YAP6APAVIBaseInterface@@PBDPAH@ZXZ 10027450 f   interface.obj
 0001:00026460       ?Sys_GetFactory@@YAP6APAVIBaseInterface@@PBDPAH@ZPAUHInterfaceModule_t@@@Z 10027460 f   interface.obj
 0001:00026480       _world_items               10027480 f   items.obj
 0001:00026490       ?KeyValue@CWorldItem@@UAEXPAUKeyValueData_s@@@Z 10027490 f   items.obj
 0001:00026500       ?Spawn@CWorldItem@@UAEXXZ  10027500 f   items.obj
 0001:000265e0       ?Spawn@CItem@@UAEXXZ       100275e0 f   items.obj
 0001:000266c0       ?ItemTouch@CItem@@QAEXPAVCBaseEntity@@@Z 100276c0 f   items.obj
 0001:00026760       ?Respawn@CItem@@UAEPAVCBaseEntity@@XZ 10027760 f   items.obj
 0001:000267d0       ?Materialize@CItem@@QAEXXZ 100277d0 f   items.obj
 0001:00026830       _item_suit                 10027830 f   items.obj
 0001:00026840       _item_battery              10027840 f   items.obj
 0001:00026850       _item_antidote             10027850 f   items.obj
 0001:00026860       _item_security             10027860 f   items.obj
 0001:00026870       _item_longjump             10027870 f   items.obj
 0001:00026880       ?GetClassPtr@@YAPAVCWorldItem@@PAV1@@Z 10027880 f i items.obj
 0001:000268d0       ?GetClassPtr@@YAPAVCItemSuit@@PAV1@@Z 100278d0 f i items.obj
 0001:00026920       ?Spawn@CItemSuit@@EAEXXZ   10027920 f i items.obj
 0001:00026950       ?Precache@CItemSuit@@EAEXXZ 10027950 f i items.obj
 0001:00026960       ?MyTouch@CItemSuit@@EAEHPAVCBasePlayer@@@Z 10027960 f i items.obj
 0001:000269d0       ?GetClassPtr@@YAPAVCItemBattery@@PAV1@@Z 100279d0 f i items.obj
 0001:00026a20       ?Spawn@CItemBattery@@EAEXXZ 10027a20 f i items.obj
 0001:00026a50       ?Precache@CItemBattery@@EAEXXZ 10027a50 f i items.obj
 0001:00026a70       ?MyTouch@CItemBattery@@EAEHPAVCBasePlayer@@@Z 10027a70 f i items.obj
 0001:00026bd0       ?GetClassPtr@@YAPAVCItemAntidote@@PAV1@@Z 10027bd0 f i items.obj
 0001:00026c20       ?Spawn@CItemAntidote@@EAEXXZ 10027c20 f i items.obj
 0001:00026c50       ?Precache@CItemAntidote@@EAEXXZ 10027c50 f i items.obj
 0001:00026c60       ?MyTouch@CItemAntidote@@EAEHPAVCBasePlayer@@@Z 10027c60 f i items.obj
 0001:00026c90       ?GetClassPtr@@YAPAVCItemSecurity@@PAV1@@Z 10027c90 f i items.obj
 0001:00026ce0       ?Spawn@CItemSecurity@@EAEXXZ 10027ce0 f i items.obj
 0001:00026d10       ?Precache@CItemSecurity@@EAEXXZ 10027d10 f i items.obj
 0001:00026d20       ?MyTouch@CItemSecurity@@EAEHPAVCBasePlayer@@@Z 10027d20 f i items.obj
 0001:00026d40       ?GetClassPtr@@YAPAVCItemLongJump@@PAV1@@Z 10027d40 f i items.obj
 0001:00026d90       ?Spawn@CItemLongJump@@EAEXXZ 10027d90 f i items.obj
 0001:00026dc0       ?Precache@CItemLongJump@@EAEXXZ 10027dc0 f i items.obj
 0001:00026dd0       ?MyTouch@CItemLongJump@@EAEHPAVCBasePlayer@@@Z 10027dd0 f i items.obj
 0001:00026e80       _light                     10027e80 f   lights.obj
 0001:00026e90       ?Save@CLight@@UAEHAAVCSave@@@Z 10027e90 f   lights.obj
 0001:00026ec0       ?Restore@CLight@@UAEHAAVCRestore@@@Z 10027ec0 f   lights.obj
[...]
 0001:00057f19       ?TranslatorGuardHandler@@YA?AW4_EXCEPTION_DISPOSITION@@PAUEHExceptionRecord@@PAUTranslatorGuardRN@@PAX2@Z 10058f19 f   LIBCMT:trnsctrl.obj

FIXUPS: 58fb2 48 fffffbd0 41 37 1f 45 2a fffffea5 24 c ffffff2e 5 a af7
FIXUPS: 595ec ffffffce fffffff3 ffffff89 a 14 ffffffcb fffffc40 2b 28 28
FIXUPS: 59205 2a 28 2b 2e 2e 2b 40 3d fffffd9e 1d fffffedf fffffd4f 4d
FIXUPS: 58de0 4b 2f 84 81 17 993 14 24 10 2a 2a 10 ffffff2a ffffff40 b
FIXUPS: 59848 f 3c d 13 11 fffffd5a 14 1b 25 14 10 d 10 b 3d 3b 14 60 7
FIXUPS: 597c5 7 6b0 5 5 d 47 10 14 11 44 9 fffffe2d 6 d 7 c ffffff73 6
FIXUPS: 59d31 2b 10 ffffff5c 1d ffffff93 1d fffffeeb ffffffdd fffffea6
FIXUPS: 59a10 10 55 63 fffffe1f 808 28 12 35 3e 76 1f f 55 18 2e b 2a 22
FIXUPS: 5a374 17 2b 16 13 19 b fffffbe0 ffffff96 fffffe67 38 9 14 a 5 5
FIXUPS: 59e4e 29 c0e 17 b 2e 7 93 12 1c 1e 12 16 30 12 15 9 a e e 18 c
FIXUPS: 5ac9b c 7 1f 43 24 fffff6f6 24 fffffba3 1b ae 1b 559 f 8 12 b 1e
FIXUPS: 5a6b2 49 42 1f 28 a c 20 1e 51 3a 78 1b e 45 1f 17 11 21 e 43 b
FIXUPS: 5aa18 b 21 2d 60f 29 3b 1b fffffe70 11 21 5 b 8 56 fffffd9f 19
FIXUPS: 5ade6 1b 51 1f 16 3e e e e e e 11 7 fffffe5c 22 fffff7b5 23 58
FIXUPS: 5a600 14c7 133 38 fffff5df 3f 99 19 68 89 d 2e 25 d9 bf 3b 18 c
FIXUPS: 5b65f 8 77 12 96 16 1c 27 17 1e 18 5e 32 37 fffff782 2330 33 27
FIXUPS: 5d40b 19 2b 11 29 17 49 3d 1e 23 17 60 2a 46 e a 38 39 16 14 8
FIXUPS: 5cbe6 13 14 1d 6 9 ffffedf3 3d 1dc3 2f b2 15 fffff384 25 8 b 12
FIXUPS: 5cd43 f8 e a8 32 2c 23 1f 2c 37 2d 17 2f f0 1a 30 15 2a a6 1f 4f
FIXUPS: 5d30b 2b b4d 3b 9 a a 33 fffffdb9 f 11 11 f f a 6e 11 c 1b 9 fffffe21
FIXUPS: 5dc5a 13 29 fffffdc4 5e 7 fffffead fffffdf4 12 1d 5 55 3c d01 1e
FIXUPS: 5e568 11 17 18 c 29 1e 26 18 5c 2b 1c 24 fffff8ce 4f e 8 16 8 fffffeda
FIXUPS: 5df35 13 a fffffeae 13 1a 6 1d 11 19 265 53 40 e 20 21 17 22 15
FIXUPS: 5e238 22 13 26 d 16 9 39 17 7 41 17 1a 35 23 26 28 1a d 1e 24 6a
FIXUPS: 5e513 1c64 fffffcaf 35 f 10 17 fffffed7 19 14 14 12 f e 9 17 fffffd61
FIXUPS: 5fb67 86 156 fffff220 109 f 78b fffff358 ffffff9e 16 ffffff25 10
FIXUPS: 5e78a 7c b4 fffff7f9 29fb 22 c 21 c fffffa7b d 10 59 5d fffffd04
FIXUPS: 6036f 14 17 20 9 9 fffffde3 16 8a 15 13 1a 14 d 11 12 16 19 fffffdf9
FIXUPS: 60120 44 1273 4a 78 76 aa e fffffb01 fffffad2 1b 20 ffffff9f 9
FIXUPS: 606f3 17 5c f 151 12 16 c 1d 18 a c e 17 10 24 54 16 47 53 ffa
FIXUPS: 61aa9 b 55 b8 b 44 20 b fffffd73 e 8 d b 14 b 34 ffffff40 7 9 fffffe7c
FIXUPS: 61808 ffffff6f d 11 2f 25 fffffe11 f fffffc10 71 61 11e7 fffffdef
FIXUPS: 622ce b 31 ffffff08 16 fffffe95 12 11 a5 fffffe8f 45 10 16 c fffffdb5
FIXUPS: 61e4f 10 6c fffffe10 19 12 5b e 23 1f 33 1f fffffe54 fffffe2f e
FIXUPS: 631df e b b b b b b b b b b fffff305 1a 1e 20 f 4e 16 16 23 a6
FIXUPS: 627f5 1c 52 1c 2a e 21 6b fffffa70 109 c0a 1f 8 8 8 8 8 7 8 8 8
FIXUPS: 63134 8 8 8 8 8 b 8 8 8 8 8 8 8 8 8 8 8 8 8 8 fffffc93 11 14 11
FIXUPS: 62eb1 11 14 11 11 11 14 11 11 11 14 11 11 11 14 11 11 11 17 14
FIXUPS: 6301d 14 17 14 14 14 17 14 208 13 b b 31 d d 50 b b 19 25 7 25
FIXUPS: 62d07 13 b 6 15 b 1f b 48 11 11 11 14 11 e 11 14 11 644 6 34 b
FIXUPS: 6351f b 35 10 10 10 13 a e 10 10 13 10 10 10 13 10 10 59 8 8 8
FIXUPS: 636c9 8 8 fffffbb1 10 10 bc1 41 34 e 36 3b 41 c 61 11 34 50 18
FIXUPS: 640c7 11c fffff538 16 b d 9 a8 31 70 18 11 8 10 8 21 b fffffb6f
FIXUPS: 63492 f4c 5 f 14d 24 28 ba fffff373 41 24 29 7 f 7 18 9a 41 30
FIXUPS: 63b9e 36 3f 3a 46 3f 1f 1a 64 2a 30 e 3a 27 d66 6 a 6 1b 4b fffffb1a
FIXUPS: 6474b 19 c 41 56 8 6 42 11 2f 12 c 6c d 24 19 18 8 78 7f 9 fffff7d2
FIXUPS: 64265 111 39 10ea c b 11 21 3b 1b fffffc2d 2b d 20 d d 9 fffffddd
FIXUPS: 65004 41 10c fffffbc5 1d 4e 19 46 1d 26 9 d 9 fffffc82 14 18 18
FIXUPS: 65eb7 fffff745 a 6 8 13 18 3c 32 10 24 1f 1b 16 12 fffffe34 2a
FIXUPS: 655cc 1b fffffc0d 38 1b 6c 42 8 72 b 74 b 39 b 42 30e 13 43 a 13
FIXUPS: 6581c 26 b 31 b f 1c 32 b 32 b f 102 110 ca 1a 22 107 8c 17 1d
FIXUPS: 65e5c 9 d 14 8 1d 955 17 162 14c 96 68 5c 4f 1a7 16 1a5 fffff22f
FIXUPS: 6621d 2e 48 1b 3e 3e 4e 2e 13 a fffffc15 e 8 d b 9e b 13 e8 fffff5d9
FIXUPS: 664c7 e 6 3c c 2c c 1f d 11 f f f 24 2a 6 15 6 3a 6 15 6 26 6 16
FIXUPS: 666d7 16 6 16 6 2b 47 b7c 86 1b 34 3d 10 54 fffffd73 10 5c 6a fffffd4c
FIXUPS: 6702a f 1c f 15 11 e 1e 23 fffff316 9 17 1c 6 f 6 3a 9 1b 1d 14d4
FIXUPS: 679c0 44 1e e 9 9 a5 4f 2f 15 fffffb85 10 21 7 f a ffffff18 6 8
FIXUPS: 67693 8 8 19 ffffff25 25 a 31 fffffeb0 24 a 23 bb3 ffffff69 ffffff37
FIXUPS: 67f9b 8 d b 14 17 9 c 1e 22 fffffec2 fffffee7 fffff989 f d 9 5
FIXUPS: 6779e 19 20 11 110 15 6 7 17 6 e 22 db8 d fffffd51 2b 1c 1b 1b
FIXUPS: 6851b 1c 1f 28 28 8 11 24 25 6c 10 12 fffffba9 17 10f 6f fffffdab
FIXUPS: 681a3 ffffff98 ffffff3e 9 9 2a 1c f fff99b60 10 10 10 33 99 23
FIXUPS: 1da0 2b 39 29 193 fffff046 14 1d 13 1d 82 d b1 26 7 1c 54 42 33
FIXUPS: 68750 7 d ffffff5f b 45 fff9b547 1d 13 1d 4f 51 45 3f 189 156 23b
FIXUPS: 2190 5f 59 395 32 2e 138 fffff0b5 1d 13 1d d7 80 30 29 3a a 5e
FIXUPS: 1ba7 2e 3e 1237 1d 13 1d f 54 5d 8f 9e 1dc 2a3 133 45 29 3c ba
FIXUPS: 37aa 1b 10 1b 10 7d 11 11 18a 29 11 f c4 78 5c 3c 2e80 130 1a9
FIXUPS: 6e16 87 d 3f 12 ffffbb0b 97 d 2c e 13 31 30 2d f f a 19 12 a 61
FIXUPS: 2c60 8c 1a 52 8 1f 77 e 309d 8 bf 6e 19 22 1f9 1d 13 1d f 17 193
FIXUPS: 6441 75 54 1f 48 28 22 11 b5 a f9 1a7 18 19 fe 1d 13 1d f ffffef2f
FIXUPS: 5a49 33 4f a c d0 7 17 1b 49 e 8 7 e 46 e d 1b 18 39 7 14 7 20
FIXUPS: 5d7a 6b 8 48 7 2a 7 fffff07a 6f 2e 2c7 8 51 8 51 8 51 8 51 1f 18
FIXUPS: 5428 7 3d 1a 8 7 f 12 19 54 34f 32 22 35 31 29 3e 29 289c 1a aa
FIXUPS: 8505 ec 201 ffffbf58 1d 13 1d f a2 4a 60 20 1c 39 13 1d 13 1d 13
FIXUPS: 49f7 f 23a ad 55 99 88 37 1d 13 2c17 2a 34 25 11 60dff a fff9f234
FIXUPS: 7be1 11 60da2 a fff9f2b3 40 10 ba 2e 24 2e 83 a 9f 38 34 21 49
FIXUPS: 7fe7 69 11 13b 78 18 2788 1f1 4c 7d ffffc720 61 24 28 1fb 30 612ce
FIXUPS: 6893e fff9ed43 10f 2c 23 26 4b 30 43 3b 37 11 6c 31 20 54 49 14
FIXUPS: 68957 b a fffa0936 1e 22 c da 77 df 18 dd 74 3b6 95 2e 20 20 19d
FIXUPS: 9d13 40 1d5 17 e e 10a 85 13 e e 188 1a0 18f ac a ffffe46b 2c 1f
FIXUPS: 8b8b 10 50 a3 65 87 c2 4e 7c 4a 48 a 7d a 51 a 6b 8 1a 11 5e a
FIXUPS: 91a0 48 a 51 17 27 7 556c d 10 3a 26 26 29 1c 12 d 53 20 26 13
FIXUPS: e9b9 5 22 20c 2a 14a 2a ffff9b4e 37 6 e 27 6a 9 8f e 5a 2b 57d4
FIXUPS: e2c5 a e 20 10 12 5 29 28 1d 12 a 24 1c 12 a 5c 71 3b 14 1b 17
FIXUPS: e582 37 5a 47 53 4a 47 7c 28 ffffef0c e0 1b5 84 c0 20 5 1a 9c 5
FIXUPS: dbc5 17 94 c2 37 66 47 62 53 44 8b 3d 44 53 53 12a 21 12 a 10 37
FIXUPS: e292 ffffe840 6e a 6e a cf 30 35 111 b 86 44 170 a 6b a 112 4e
FIXUPS: d2ee ce 27 7 b 16 31 128 5 49 5 33 e a1 ffffe488 f0 34 35 d 3b
FIXUPS: bd62 cc 46 8c a9 33 4d 155 38 1d f 30 55 b 14f 6e 158 e 60 10b
FIXUPS: c70e 65 137 95 6d e9 3546 28 26 1d 11d 67 ffffad9a 11 2ce 8c 18
FIXUPS: b318 1b 1b 52 88 35 6e a 38 13a 21 42 a 21 38 a 21 3b 2d 24 353
FIXUPS: f828 14 93 32 22 31 3e 76 32 17 22 d 20 21 a1 3e 3b 3e 37 14e 5
FIXUPS: fdb4 1b 16 85 14 51 4c 29 f 27 55 fffff00c 50 2a 2c b 21 b 16 8c
FIXUPS: f1c5 db 7d f a4 14 81 15 11 b 5 21 dc 5 6 13 3e 16 96 d0 12 2e
FIXUPS: f81f e17 34 19 26 61 32 3a 3f 9f 7b 16 6c 2a 15 3a 38 20 9b 5a
FIXUPS: 10b1e f b f a 93 23 e 18 ffffe1f9 e 7c 43 3562 21 1a 11d 161 30
FIXUPS: 12756 14 1d 13 1d 16 27 135 1ed 8 a0 79 30 a e 38 4c 8e 17 7 ffffd4d7
FIXUPS: 102c4 f2 e f4 b1 17b5 24 6 3d 2f 35 46 b 7 20 7 52 34 77 1d 12
FIXUPS: 11f9c 56 76 7 16 7 4e 34 39 8 22 1d 72 7 101 143 ffffed8c 51 8
FIXUPS: 11281 28 1d 10 1a 5d 119 6e 16 292 2e 2e6 1a 21 16 7 27 1f 20 d
FIXUPS: 11b80 10 b 15 31 a 5a 77 f 5956 f 36 f0 50 d0 83 5d 50 1d2 9 ffff9179
FIXUPS: 10d17 13 1d ba 4b a4 48 7e 8 54 8 51 8 51 8 51 8 51 8 51 5c1c 12
FIXUPS: 16e03 13 e 12 6 1f 21 97 28 1b 90 57 57 57 65 16 80 57 76 22 f
FIXUPS: 172f7 21 f 1f 168 5d 59 63 45 ffffecc2 31 32 5a 2c a 2d a 26 56
FIXUPS: 16576 a8 6f 4c 1e 24 cb 5b ba a 41 32 17 14 9f 54 70 35 5b 79 46
FIXUPS: 16ddd ffffeb7d 1d 9c 9 118 16 40 33 50 c af 59 22 e0 f a 1e 1d
FIXUPS: 15e8a 1d f 90 54 51 51 1c 8d 51 11 ca 31 32 ffffef13 6d d fd 8
FIXUPS: 15362 57 109 5f 76 26 38 f f a 44 b 8 8 35 36 f 30 14 1d 13 1d
FIXUPS: 158ad 55 14 14 1d fffff12b a 53 a 30 d 1d 5d d c 3e 42 d9 a 68
FIXUPS: 14dae 67 80 26 b1 12 4b 7d 14 1d 13 1d 5f 29 2b f f fffff310 15
FIXUPS: 144b2 2f 32 34 23 48 27 7 b 2c 35 4c 8 6 f 89 15 2c 15 15 15 23
FIXUPS: 1486b 4f a 55 30 d 1d b0 fffff014 13 1d 14a 2c fd 51 51 51 51 a3
FIXUPS: 13f15 54 46 53 8 8 4d 1a6 1d 12 48 1b 18 d 2b d 5e 13 d0 15 29
FIXUPS: 12f17 13 1d 7c cc 97 51 51 48 a6 48 1f 147 2e 138 83 50 2e 38 c
FIXUPS: 1373d 1b 9 16f d 7f 28 46 19 13 10 14 508e 2c 47 1f 26 46 1f 26
FIXUPS: 18c19 7c c 2f 94 2f a1 18b 1d 2f 12 42 39 c 10 91 11 20 10 cd 67
FIXUPS: 12ed6 10 14 547e 66 15 61 f 5 1e 9 89 11 16 2c 111 bc 2d 20 48
FIXUPS: 187d2 43 2d 1b 44 35 2d 2d 20 2f 2e 1a 30 5b 1e 2941 64 28 6c 1ac
FIXUPS: 1b682 3f ffffdc35 128 6d 5c 113 1d 13 1d f 52 8a b5 ef f6 56 a8
FIXUPS: 19b05 19 ffffe548 3e db 1b 5a 26 11e 2666 13 6d 8d 59 59 59 56
FIXUPS: 1ac36 234 56 3b 1a 34 73 1e 1d 13 1d f 1d b6 31 45 5e 62 50 33
FIXUPS: 1b2ed 50 4a 8 ffffe919 6e 14a 73 6a 19 14 1d 13 1d b8 d4 52 35
FIXUPS: 1a2fc 40 197 5e ab 48 19 2b 50 e 62 18 11 131 3a 2f 1f 41 30c7
FIXUPS: 1da2e 58 19 2d 28 1e 14 13 a 37 27 18 1a 13 52 22 47 16 2a 21 10
FIXUPS: 1dd30 16 14 1d 13 1d a6 b8 d ffffbd6b 37a3 a e 30 a e 35 32 90
FIXUPS: 1d5e2 47 2d 2f 1c 8a b b 9 19 1d 16 14 1d 13 1d d a 1d 80 127 7
FIXUPS: 1d9fe ffffee26 9 e8 5a a 32 a 35 14 7 7 a af 2d 2b a5 48 1a 15
FIXUPS: 1cc9e 8e 14d e4 4d 47 38 151 57 f f a1 b0 ffffe754 132 51 51 51
FIXUPS: 1bd0d 51 54 54 54 54 54 156 54 54 54 54 54 107 21e 3d 3e 32 35
FIXUPS: 1c617 ab 1c 8 c 15 2a c5 2be7 10 13 10 10 10 10 10 5d 1e 36 1e
FIXUPS: 1f536 16 1a 14 1a 49421 b b b c fffb2db8 1d 13 1d a 1aa 40 35 32
FIXUPS: 1ba80 374d 10 13 10 10 10 10 10 10 10 10 10 10 10 10 10 10 10 13
FIXUPS: 1f303 10 10 10 10 10 1a 10 10 10 10 10 10 fffffbfa 10 13 10 10
FIXUPS: 1f01a 10 10 10 10 10 10 10 10 10 10 10 10 13 10 10 10 10 10 10
FIXUPS: 1f15d 10 10 10 10 10 10 162f 5 18 b7 15d 16 1f c 47 c 33 c 12 24
FIXUPS: 20bf3 67 ffffe0c0 12 2f 154 30 38 10 10 10 10 10 10 10 10 10 10
FIXUPS: 1fe9d 31 b9 43 19 28 f 7 86 32 ea 6d 1b 21 93 d 11 41 50 74 4d
FIXUPS: 204e0 4a 50 8 a8 50 1e 30 50 b4 15 ffffef29 e9 4a 50 33 48 c 11
FIXUPS: 1f986 2b 56 8 29 32 24 9 5f 36 47 10 2a c 11 1d 1e 24 da 33 f 11
FIXUPS: 1fddd 63 1604 2d a 17 11 31 86 d 11d 69 20 15 8f c 1ee 29 29 27
FIXUPS: 21a35 99 11e 28 26 2b 7f 19 2b 12f 8c 1b ffffd6c8 5e 2aad ffffebc5
FIXUPS: 20ceb 11 bf 26 80 34 39 28 8a 80 2e 26 11 b 18 11 b 5 9 72 1e f
FIXUPS: 21197 b6 11 a9 a 5a 97 a ffe a 4a a 36 a 29 a 37 a 1a cf a 34 a
FIXUPS: 2269a a 2c a 3c 3a 2a 1e 9d 5d 65 38 29 a 52 37 fffff6c6 1c09 2a
FIXUPS: 23cef 1e ffffed5d 1d 13 1d f 160 1f 37 17 33 b5 72 7 4b 61 a 2a
FIXUPS: 22ef0 1d 68 25 4d 2a fffff213 a6 57 3b 78 df2 c 55 13 5b 8b 68
FIXUPS: 23450 24 2c 46 14 1d 13 1d 10d 82 4b 15 8e 43 2f 3e 9e 68 1d 13
FIXUPS: 239c7 f a8 4c 4b 104c 56 2a fffff2f5 4d ca 37 8b 5b 48 a5 109 f
FIXUPS: 2431b 5b 13 11 3e 72 c 4c 2b c 10 ffffebd1 1d 13 1d f 10 68 2d
FIXUPS: 2514a 1d c 39 5 32 1c 1c 12 39 10 ed 6a fffff1b9 2d b6 30 31 1d
FIXUPS: 246fa 1d f 160 1f 37 17 33 86 8d 62 7a 3e 10a6 58 6b a c4 69 4f
FIXUPS: 25e6f 61 115 13c fc 29 ae ffffe9e2 10 58 138 17 20 3c 3b 80 5b
FIXUPS: 2500a f f f 62 3c 19 c 20d6 f ad 24 19 1f 12 ffffe0fc 14 1d 13
FIXUPS: 25457 24 130 79 d1 3f 30 e6 4f 25 7 d 14 65 38 38 47 6b a b1 a
FIXUPS: 26c90 a 2d d 5b d 36 d 56 d 36 d 5b d 36 d 5b d 36 d 3c 25 12 34
FIXUPS: 27034 2f 12 3f 20 2a a2 5 fffff5a9 1a 3f 9e 17 13 25 c 51 3d 38
FIXUPS: 26970 38 a 3f a 30 a 30 a 6d a 2d a 52 a 2d a 4d a 2d a a6e 55
FIXUPS: 2774a 4f 66 37 10 10 10 10 cd 5e a2 cc 5e 27 13 9c 2e 92 b0 ac
FIXUPS: 263b6 58 50 1c fc e 8e 97 41 32 179b 13 1d 4f 51 12d 92 10 72 30
FIXUPS: 28207 f 1b b 1b b 19 b 1b 24 24 25 20 1c 2e 2e 1a fffff0c6 52 8c
FIXUPS: 27609 43 1b7e 65 12 15 19 15 16 43 21 d 12 12 47 14 18 12 12 1e
FIXUPS: 29418 18 4a 18 57 2d 10 16 59 35 31 41 ffffe84a 14 c93 1f 1e 2c
FIXUPS: 28bce 18 50 51 49 1a 58 15 12 1d 6a 16 14 23 12 17 14 1d 13 1d
FIXUPS: 29029 2e 32 3f 60 42 29 23 f61 1e ffffe345 1d 13 1d b7 26 4b 17
FIXUPS: 28611 57 2a 18 30 1a 22 10 20 14 1d 13 1d 52 54 54 54 5b 74 6d
FIXUPS: 28a85 54 1dfb 22 26 5 48 1d 10 10 10 10 cd 74 8c 77 89 71 ffffecd2
FIXUPS: 299ea 1d 13 1d f9 54 54 14d 43 64 c6 3f 4a 2b 1bd 17b 16c 6c 9a
FIXUPS: 2a526 54 b f f 20 b f f f 70 5 11 12 25 c 92 2e 3e 1b 32 1a 7 b
FIXUPS: 2a847 3d 11 11 206e 53 12 11c 10 7c 48 d 61 67 4a 132 1a5 f 33
FIXUPS: 2cfac 125 1c9 159 ffffda08 d 2c 2e 3c d 5b e0 aa 152 4c ffffefd8
FIXUPS: 2a216 1759 af 76 17 38 b2 af c 17 a4 1f 1a c a6 80 4f af 5b a c6
FIXUPS: 2c0b8 19 236 88 a9 1cf 31 163 31 4b bd 26 157f ffffd3e8 5 10 10
FIXUPS: 2b296 b 5 10 10 10 5e d 36 7 51 4f 32 11 bc 22 26 9d 5a 2a 27 31
FIXUPS: 2b739 106 6a 22 95 1be7 f 9f 48 79 12 69 12 5f 2c ed 1ed 8 4f 8
FIXUPS: 2db16 4d 8 56 43 8 f 34 37 7 8 2e 21 3c 8 75 89 46b9 41 7 d 3b
FIXUPS: 32576 11 b 7 22 d 2a 68 a2 27 1f 15 2a 7 1b 30a 35f4c e fffc49ff
FIXUPS: 2d41a 1d 13 1d 51 42 1d 13 4809 79 7 9 2b 11 64 7 9 2b 11 a9 1b
FIXUPS: 31fab 4b 35 4b 35 4b 36 11 d fb 57 22 38 14 1d 13 1d 30 ca ffffebbb
FIXUPS: 31039 100 96 d 80 14a d0 e 6 63 d 2c 14 1d 13 1d d 1c 1a 41 79
FIXUPS: 317b0 77 4d 6c ad 2a 1fd 51 34 29 ffffe85b 5d 22 71 c 3f c 2d c
FIXUPS: 306a7 b0 e 12d d 1a b c ab 8 11 8 99 138 100 af 4e 45 1e 1a 3c
FIXUPS: 30ee2 6b ffffea6d 37 c9 1d 13 1d f 50 51 51 51 54 62 278 31 51
FIXUPS: 30026 a 74 b8 31 60 c 31 27 2e a4 d 3a cb 50 2c ffffeb33 21 f 122
FIXUPS: 2f14a 1d 13 1d 51 1f 6f 8b 38 97 40 13 45 40 5b 44 153 e a 35 40
FIXUPS: 2f771 7 11 b 7 103 10f ffffedf7 17 19 21 20 21 b a 155 d3 89 2f
FIXUPS: 2eb32 3f 40 5b 2f 7 3f 40 b3 42 14 1d 13 1d 2d 100 7 19 21 f b056
FIXUPS: 3a007 13 1d 4f 57 57 51 3b 21 49 38 4a 158 42 ffff3c44 1d 13 1d
FIXUPS: 2e126 54 51 54 54 8 51 8 51 1f 2e2 8c 17 abc8 38 a 7a 35 16 1a2
FIXUPS: 395ab a a0 67 ae 56 35 243 7d 17 1b 3a 3a 32 30 47 3d 17d 7a 1f
FIXUPS: 39e76 7f 71 61 f ffffe4ae dd 5e 1e 5d 84 15a 12 a 11e 1e 24 2b
FIXUPS: 38a8a 15 94 34 fc 1a 58 54 122 a a1 147 4b 34 32 76 11 4d a ffffeb20
FIXUPS: 37cf8 c c c c c c c c c c c 22 14 39 65 184 5f 25 25 21 24 b 17
FIXUPS: 381b8 1e e 11 19e 3e 30 ffffeff7 e4 73 f a9 10 29 d1 b1 91 b4 28
FIXUPS: 37962 d1 32 e 19 b 17 123 73 24 c c c c c c c c c c ffffea21 32
FIXUPS: 36745 53 47 75 17 206 71 92 127 57 38 1d 26 21 34 38 113 64 5 70
FIXUPS: 370ed 79 153 36 25 73 14 6 15 c ffffe7a1 a6 96 da 19 89 15 121
FIXUPS: 35f57 57 55 39 73 4e b 26 1c 19 7 ab 72 3d f 7c 9 b a 22f 2d 47
FIXUPS: 36649 5b ffffe683 54 92 5c 4c ac 5d c 57 8e 49 65 4e 85 10b a 60
FIXUPS: 353d7 38 dc f 278 a 7 41 7 13 ac ec 6 86 62 ffffe788 d b d b b2
FIXUPS: 3440f 4d c3 25c 39 b 23 109 67 c0 2a 7 10 49 18 b 22 7 b9 4b b
FIXUPS: 34c10 b2 6 2c 21 ffffecee 2e 139 b 16 f 6 e 9 75 103 182 30 7d
FIXUPS: 33fb0 96 3b b 21 23 2e 6b b d b d b d b d b d ffffec75 4c 36 1b
FIXUPS: 3312b 17 19 d7 5 1e 17 d2 8d 19 147 28 26 28 21 20 23 23 23 6b
FIXUPS: 336c9 73 35 5d 70 d5 68 1f c95c 19 5 1e 5 26f c4 5 ffffa57c 42e
FIXUPS: 3b023 5b 1b e 42 244 138 6 e 6 fffff20f 5b 62 f 13 b 117 dd c5
FIXUPS: 3ab08 47 7c 53c5 1a 38 d 56 15 5 25 44 23 8 8 17 38 32 9 1e 5 5
FIXUPS: 401c6 47 15 2f 5 15 2a 5 13 7 5 2f 5 ffffece6 ae b0 f 6e 34 10
FIXUPS: 3f245 4e 2b 38 43 1db 40 9 20 4d b9 29 7f a9 1d 169 77 16 9 168
FIXUPS: 3fbe7 3b 133 71 19b ffffe264 25 10 5e 33 9c 2f8 178 ab 8 16 8c
FIXUPS: 3e9bb 77 62 1c 32 d 42 50 25 34 201 b2 2a 3f 1a 10 1f 2f 17 39
FIXUPS: 3ce7b 11 5b 3b 34 41 12c 10d 495 33 62 5b 47 78 a1 4f 11 5b 3b
FIXUPS: 3d9d7 2f 1c9 27 113 b7 55 16 61 52 a1 52 15e 2b79 47 e 2a af cd
FIXUPS: 40f0a ffffa752 e 112 54 2b 2a 49 ad 54 c0 852 46 e 73 172 8e 30
FIXUPS: 3c854 64 17b df 4c 73 73 32 54fd 39 2f 1d 23 34 15 b2 14 1c 16d
FIXUPS: 4252b ffffe15b 10 84 a4 e9 29 28 116 55 3e 39 45 b f f f 70 23
FIXUPS: 40c53 3b e94 c 5f 13 45 a bb 76 12 3c 8a f 49 3a 3a 4d 32 30 a
FIXUPS: 41fae 12 5 11 4d 32 a 64 11 13 1a 47 1c fffff54e a 2d a 68 45 a
FIXUPS: 417dd a 2d 15 11 b 5 20 45 a 33 a 50 35 33 a 35 a 13 2b 14 47 42
FIXUPS: 41ad7 28 1514 1e 11 25 d0 11 89 c 61 ffffdd08 10 e 8d 75 e 10 e5
FIXUPS: 41176 41 d6 f 86 d1 31 31 51 43 59 a 77 1c 9e 289d ffffe67c 19
FIXUPS: 42639 d ed fc 1a 2c 176 29 29 19 31 13 7a 49 e8 28 c 2d 1b 13 5f
FIXUPS: 42dd3 90 1b 11 11 17 10 cd 92b b f f 20 b f f f 70 22 11 1b 6b
FIXUPS: 43aa2 14 11 11 1c 8d 18 11 63 5b 12 c3 12 28 1c 23 30 cd 2cd7 1d
FIXUPS: 46bba 1d 1f8 2f 16a ffffd3a1 fffffc51 fffff3cc 3e c6 dc 2a b1 51
FIXUPS: 4363d f f 20 b f f f 70 22 11 1b d 42 78 36 236d 36 2d 24 36 ac
FIXUPS: 45d88 a0 53 b4 16 e8 60 43 59 5f dc 6e 70 125 30 2d 17 20 29 76
FIXUPS: 465ec 17e 2ed 6c 50 63 ffffe29b 70 70 86 86 74 86 86 61 86 75 75
FIXUPS: 453a6 14 1d 13 1d 4c 4b 2d 3a 70 d9 68 50 62 196 df 7c eb 36 36
FIXUPS: 48bf1 1f 12 ffffea19 93 fffff9d8 ab 6c 22 f a 1a c9 8d 37 ffffcfb7
FIXUPS: 4436a 1d 13 1d 15d 5b 182 20e 45 282 21 bb 64 a 31 7b 36a2 25 23
FIXUPS: 484ce 38 34 86 e3 2c 15 8e 37 52 32 52 32 3a 2d a 18 73 23 3f 32
FIXUPS: 48a4b 6f 39 11 31 73 c 24 ffffeefd 20 2e 24 11 ac a 16d a e 10
FIXUPS: 47dae 2f 57 18 e 11 1e 9a a ba 32 15e 47 135 1d 1c b 13 21 23 9a
FIXUPS: 4944a 1d 13 1d 4f 54 a6 1c 5f c4 65 d 6a 2c7 ffffdc54 14 1d 13
FIXUPS: 47777 20 15 bd d de 22 cd 18 1e 10 19 21 7 2aab e5 32 9 5f 68 117
FIXUPS: 4a935 be 63 4a 5d 1c ffffe23d 10 10 10 9a 6a a 66 1d 13 1d 4f a7
FIXUPS: 49106 3d 109 75 d0 8a 8d8 10 41 7d 29 2d 5a 6b 96 c 35 2b 11 9
FIXUPS: 4a031 60 73 1f 1c 21 120 96 88 8b b 4b b 4c 1d 59 b 13 38ce 7b
FIXUPS: 4df09 7 1e e0 d9 27 12 2a 41 19c e 15 10 1d 7 c b9 111 a 5d 2e
FIXUPS: 4e656 32 2d a ffffb538 45 55 20 12 3992 e2 8f e 22 10 34 27 22
FIXUPS: 4d8a6 4f 35 67 7a 1b e 52 14 1d 13 1d 6e 3e 33 14 1d 13 1d cf a3
FIXUPS: 4dded 1f ffffecaa 73 2f 4a 3a c d f2 134 ea 46 c2 1e 5b 79 5a 11
FIXUPS: 4d182 3b 1b85a a fffe4812 3c 77 10 d0 10 4a 4a 90 63 2d ffffe987
FIXUPS: 4bf2e 1ea 2e 27 19 12 91 46 f0 15 b 8 39 9f 15 d ea 8 13 40 70
FIXUPS: 4c689 6 17 14 1d 13 1d 1ba 1f c8 ffffedce 12 a 40 37 cd 20 b 10
FIXUPS: 4b968 45 6 d 16 52 79 7e 1e 6 6 1b 7b 81 38 40 86 46 38 3e 38 32
FIXUPS: 4bea5 fffff071 14 1d 13 1d 51 49 2a 12 19 14 1d 13 1d 58 2e 21
FIXUPS: 4b2f9 22 48 35 98 14 42 100 42 be 57 8 51 1f 11 4714 a 7d 32 17
FIXUPS: 4ffdf 8b 22 28 25 c 1f 50 19 1f 12 ffffaa38 14 1d 13 1d d1 3e 14
FIXUPS: 4ad77 13 1d a1 49 50 13 12 464b a 24 42 1e 71 26 39 44 8e 35 26
FIXUPS: 4f806 9d 14 17 2a b 3d f3 1e 86 20 d2 11 1c 65 58 2c a7 e 8a 3a13
FIXUPS: 53851 18 20 af 39 3b ffffb53a 14 1d 13 1d 6b 4c d 9a 23 1b 101
FIXUPS: 4f247 34 3e 35 17 6a 7 23 3f 1e 55 4d 49 3c2a 14 12 12 12 b1 e
FIXUPS: 5325f d 1d 2d e 123 130 1e 1c 1d f e f 108 16 7 e e 13 8b 39 33
FIXUPS: 537f3 b 10 fffff2d9 21 33 2f 60 2e 25 28 d 6d 9 32 8b 48 37 59
FIXUPS: 52e7d 2a 6b 5a 30 3b 2b 15 15 58 13 d 7 8 34 12 ffffe4cf 109 a
FIXUPS: 516e5 a 187 e ec 147 b1 15f 27 19 2eb 48 5d a9 1c2 22 3d af ca
FIXUPS: 5250f dd f4 143 23 1f 13d de 23 24 ffffe1f8 7f 14 3f 84 94 3e 16
FIXUPS: 50f13 12 b b e8 1b b 49 f 74 18 85 1a 1a 25 54 3a 46 f 1f2 20 20
FIXUPS: 51540 7a 2517 d7 150 57 18 16 24 28 11 e 7b 23 32 7c 90 6c ffffc3a4
FIXUPS: 503eb 2b 8 5 d 14 67 6b 1b7 3a 3a9 20 1a 1c 60 5338 3f 29d 1d 13
FIXUPS: 561c7 13 1d 13 1d 13 1d 13 1d 13 1d 13 1d 13 1d 13 1d 13 1d 13
FIXUPS: 563a7 ffffd62a 20 30 30 30 43 1747 3d 1c 1eb 28 90 f2 84 14 5a
FIXUPS: 55727 56 d2 d 4d 66 118 37 88 14 1d 13 1d 2f 19 72 5e 68 95 11
FIXUPS: 55d8b ea ffffe876 a a a a a 1d 120 1d 13 1d 13 1d 13 1d e2 43 9f
FIXUPS: 54ae9 36 39 3c 7b c3 43 f 5e 53 3e 45 6d 62 fffff3a4 3a 15 41 82
FIXUPS: 543e4 11 7 b8 107 16 45 a a a a a a a a a a a a a a a d a a a a
FIXUPS: 56c47 11ded a fffee244 21 11 11da0 a fffee278 20 86 8 c 2c 5 5
FIXUPS: 56dcb 5 4a 150 1b f 1d 1e 89 1d2 5a 72 af 68 65 b4 1097 4b 14 8b
FIXUPS: 58758 6e 17b ffffdac0 15 10 10b 14f 54 a2 fe 14 1c e7 9b 20 10
FIXUPS: 56a8a 30 30 18 34 28 28 59 11 2f 17 fee c2 14 1d 13 1d 8f c da
FIXUPS: 57f02 d4 16 59 40 12f 23 26 16 35 4a 7f 35 10 10 10 1e 43 2d 43
FIXUPS: 58461 c7 43 fffff0ff 1d 13 1d 13 25 17 14 1d 13 1d 85 c 7a 1c f
FIXUPS: 578ac f cb 36 22 7 12 7 4e 1d 30 2d 69 55 52 40
